main.c:127:5:main	160	static
main.c:305:6:SystemClock_Config	144	static
main.c:359:13:MX_AES_Init	8	static
main.c:390:13:MX_CRC_Init	8	static
main.c:419:13:MX_RNG_Init	8	static
main.c:444:13:MX_SPI1_Init	8	static
main.c:482:13:MX_TIM1_Init	104	static
main.c:552:13:MX_TIM16_Init	8	static
main.c:582:13:MX_GPIO_Init	48	static
main.c:643:6:HAL_GPIO_EXTI_Falling_Callback	24	static
main.c:660:6:HAL_GPIO_EXTI_Rising_Callback	16	static
main.c:666:6:HAL_TIM_PeriodElapsedCallback	64	static
main.c:719:13:readingCallback	96	static
main.c:762:13:readKeyFromFlash	24	static
main.c:770:13:writeKeyToFlash	40	static
main.c:790:6:Error_Handler	8	static,ignoring_inline_asm
