main.c:127:5:main	152	static
main.c:325:6:SystemClock_Config	144	static
main.c:383:13:MX_AES_Init	8	static
main.c:416:13:MX_CRC_Init	8	static
main.c:447:13:MX_RNG_Init	8	static
main.c:474:13:MX_SPI1_Init	8	static
main.c:514:13:MX_TIM1_Init	104	static
main.c:586:13:MX_TIM16_Init	8	static
main.c:618:13:MX_GPIO_Init	48	static
main.c:680:6:HAL_GPIO_EXTI_Falling_Callback	24	static
main.c:701:6:HAL_GPIO_EXTI_Rising_Callback	16	static
main.c:707:6:HAL_TIM_PeriodElapsedCallback	64	static
main.c:762:13:readingCallback	96	static
main.c:818:13:readKeyFromFlash	24	static
main.c:826:13:writeKeyToFlash	40	static
main.c:846:6:Error_Handler	8	static,ignoring_inline_asm
