Archive member included to satisfy reference by file (symbol)

/home/braedensmith/Downloads/patch_x-cube-cryptolib-3.1.3/STM32CubeExpansion_Crypto_V3.1.0/STM32G0/Middlewares/ST/STM32_Cryptographic/Lib/libSTM32CryptographicV3.1.3_CM0PLUS_GCC_ot.a(crypto.o)
                              Core/Src/main.o (C25519keyGen)
/opt/st/stm32cubeide_1.5.1/plugins/com.st.stm32cube.ide.mcu.externaltools.gnu-tools-for-stm32.7-2018-q2-update.linux64_1.5.0.202011040924/tools/bin/../lib/gcc/arm-none-eabi/7.3.1/../../../../arm-none-eabi/lib/thumb/v6-m/libc_nano.a(lib_a-assert.o)
                              Core/Src/rfm95.o (__assert_func)
/opt/st/stm32cubeide_1.5.1/plugins/com.st.stm32cube.ide.mcu.externaltools.gnu-tools-for-stm32.7-2018-q2-update.linux64_1.5.0.202011040924/tools/bin/../lib/gcc/arm-none-eabi/7.3.1/../../../../arm-none-eabi/lib/thumb/v6-m/libc_nano.a(lib_a-calloc.o)
                              Core/Src/rfm95.o (calloc)
/opt/st/stm32cubeide_1.5.1/plugins/com.st.stm32cube.ide.mcu.externaltools.gnu-tools-for-stm32.7-2018-q2-update.linux64_1.5.0.202011040924/tools/bin/../lib/gcc/arm-none-eabi/7.3.1/../../../../arm-none-eabi/lib/thumb/v6-m/libc_nano.a(lib_a-errno.o)
                              Core/Src/syscalls.o (__errno)
/opt/st/stm32cubeide_1.5.1/plugins/com.st.stm32cube.ide.mcu.externaltools.gnu-tools-for-stm32.7-2018-q2-update.linux64_1.5.0.202011040924/tools/bin/../lib/gcc/arm-none-eabi/7.3.1/../../../../arm-none-eabi/lib/thumb/v6-m/libc_nano.a(lib_a-exit.o)
                              /opt/st/stm32cubeide_1.5.1/plugins/com.st.stm32cube.ide.mcu.externaltools.gnu-tools-for-stm32.7-2018-q2-update.linux64_1.5.0.202011040924/tools/bin/../lib/gcc/arm-none-eabi/7.3.1/../../../../arm-none-eabi/lib/thumb/v6-m/crt0.o (exit)
/opt/st/stm32cubeide_1.5.1/plugins/com.st.stm32cube.ide.mcu.externaltools.gnu-tools-for-stm32.7-2018-q2-update.linux64_1.5.0.202011040924/tools/bin/../lib/gcc/arm-none-eabi/7.3.1/../../../../arm-none-eabi/lib/thumb/v6-m/libc_nano.a(lib_a-fprintf.o)
                              /opt/st/stm32cubeide_1.5.1/plugins/com.st.stm32cube.ide.mcu.externaltools.gnu-tools-for-stm32.7-2018-q2-update.linux64_1.5.0.202011040924/tools/bin/../lib/gcc/arm-none-eabi/7.3.1/../../../../arm-none-eabi/lib/thumb/v6-m/libc_nano.a(lib_a-assert.o) (fiprintf)
/opt/st/stm32cubeide_1.5.1/plugins/com.st.stm32cube.ide.mcu.externaltools.gnu-tools-for-stm32.7-2018-q2-update.linux64_1.5.0.202011040924/tools/bin/../lib/gcc/arm-none-eabi/7.3.1/../../../../arm-none-eabi/lib/thumb/v6-m/libc_nano.a(lib_a-impure.o)
                              /opt/st/stm32cubeide_1.5.1/plugins/com.st.stm32cube.ide.mcu.externaltools.gnu-tools-for-stm32.7-2018-q2-update.linux64_1.5.0.202011040924/tools/bin/../lib/gcc/arm-none-eabi/7.3.1/../../../../arm-none-eabi/lib/thumb/v6-m/libc_nano.a(lib_a-exit.o) (_global_impure_ptr)
/opt/st/stm32cubeide_1.5.1/plugins/com.st.stm32cube.ide.mcu.externaltools.gnu-tools-for-stm32.7-2018-q2-update.linux64_1.5.0.202011040924/tools/bin/../lib/gcc/arm-none-eabi/7.3.1/../../../../arm-none-eabi/lib/thumb/v6-m/libc_nano.a(lib_a-init.o)
                              /opt/st/stm32cubeide_1.5.1/plugins/com.st.stm32cube.ide.mcu.externaltools.gnu-tools-for-stm32.7-2018-q2-update.linux64_1.5.0.202011040924/tools/bin/../lib/gcc/arm-none-eabi/7.3.1/../../../../arm-none-eabi/lib/thumb/v6-m/crt0.o (__libc_init_array)
/opt/st/stm32cubeide_1.5.1/plugins/com.st.stm32cube.ide.mcu.externaltools.gnu-tools-for-stm32.7-2018-q2-update.linux64_1.5.0.202011040924/tools/bin/../lib/gcc/arm-none-eabi/7.3.1/../../../../arm-none-eabi/lib/thumb/v6-m/libc_nano.a(lib_a-malloc.o)
                              Core/Src/rfm95.o (free)
/opt/st/stm32cubeide_1.5.1/plugins/com.st.stm32cube.ide.mcu.externaltools.gnu-tools-for-stm32.7-2018-q2-update.linux64_1.5.0.202011040924/tools/bin/../lib/gcc/arm-none-eabi/7.3.1/../../../../arm-none-eabi/lib/thumb/v6-m/libc_nano.a(lib_a-memcpy-stub.o)
                              Core/Src/main.o (memcpy)
/opt/st/stm32cubeide_1.5.1/plugins/com.st.stm32cube.ide.mcu.externaltools.gnu-tools-for-stm32.7-2018-q2-update.linux64_1.5.0.202011040924/tools/bin/../lib/gcc/arm-none-eabi/7.3.1/../../../../arm-none-eabi/lib/thumb/v6-m/libc_nano.a(lib_a-memmove.o)
                              /home/braedensmith/Downloads/patch_x-cube-cryptolib-3.1.3/STM32CubeExpansion_Crypto_V3.1.0/STM32G0/Middlewares/ST/STM32_Cryptographic/Lib/libSTM32CryptographicV3.1.3_CM0PLUS_GCC_ot.a(crypto.o) (memmove)
/opt/st/stm32cubeide_1.5.1/plugins/com.st.stm32cube.ide.mcu.externaltools.gnu-tools-for-stm32.7-2018-q2-update.linux64_1.5.0.202011040924/tools/bin/../lib/gcc/arm-none-eabi/7.3.1/../../../../arm-none-eabi/lib/thumb/v6-m/libc_nano.a(lib_a-memset.o)
                              /opt/st/stm32cubeide_1.5.1/plugins/com.st.stm32cube.ide.mcu.externaltools.gnu-tools-for-stm32.7-2018-q2-update.linux64_1.5.0.202011040924/tools/bin/../lib/gcc/arm-none-eabi/7.3.1/../../../../arm-none-eabi/lib/thumb/v6-m/crt0.o (memset)
[...]
Memory Configuration

Name             Origin             Length             Attributes
RAM              0x0000000020000000 0x0000000000009000 xrw
FLASH            0x0000000008000000 0x0000000000020000 xr
*default*        0x0000000000000000 0xffffffffffffffff

Linker script and memory map

LOAD /opt/st/stm32cubeide_1.5.1/plugins/com.st.stm32cube.ide.mcu.externaltools.gnu-tools-for-stm32.7-2018-q2-update.linux64_1.5.0.202011040924/tools/bin/../lib/gcc/arm-none-eabi/7.3.1/thumb/v6-m/crti.o
LOAD /opt/st/stm32cubeide_1.5.1/plugins/com.st.stm32cube.ide.mcu.externaltools.gnu-tools-for-stm32.7-2018-q2-update.linux64_1.5.0.202011040924/tools/bin/../lib/gcc/arm-none-eabi/7.3.1/thumb/v6-m/crtbegin.o
LOAD /opt/st/stm32cubeide_1.5.1/plugins/com.st.stm32cube.ide.mcu.externaltools.gnu-tools-for-stm32.7-2018-q2-update.linux64_1.5.0.202011040924/tools/bin/../lib/gcc/arm-none-eabi/7.3.1/../../../../arm-none-eabi/lib/thumb/v6-m/crt0.o
LOAD Core/Src/main.o
LOAD Core/Src/rfm95.o
LOAD Core/Src/stm32g0xx_hal_msp.o
LOAD Core/Src/stm32g0xx_it.o
LOAD Core/Src/syscalls.o
LOAD Core/Src/sysmem.o
LOAD Core/Src/system_stm32g0xx.o
LOAD Core/Startup/startup_stm32g081rbtx.o
LOAD Drivers/STM32G0xx_HAL_Driver/Src/stm32g0xx_hal.o
LOAD Drivers/STM32G0xx_HAL_Driver/Src/stm32g0xx_hal_cortex.o
LOAD Drivers/STM32G0xx_HAL_Driver/Src/stm32g0xx_hal_crc.o
LOAD Drivers/STM32G0xx_HAL_Driver/Src/stm32g0xx_hal_crc_ex.o
LOAD Drivers/STM32G0xx_HAL_Driver/Src/stm32g0xx_hal_cryp.o
LOAD Drivers/STM32G0xx_HAL_Driver/Src/stm32g0xx_hal_cryp_ex.o
LOAD Drivers/STM32G0xx_HAL_Driver/Src/stm32g0xx_hal_dma.o
LOAD Drivers/STM32G0xx_HAL_Driver/Src/stm32g0xx_hal_dma_ex.o
LOAD Drivers/STM32G0xx_HAL_Driver/Src/stm32g0xx_hal_exti.o
LOAD Drivers/STM32G0xx_HAL_Driver/Src/stm32g0xx_hal_flash.o
LOAD Drivers/STM32G0xx_HAL_Driver/Src/stm32g0xx_hal_flash_ex.o
LOAD Drivers/STM32G0xx_HAL_Driver/Src/stm32g0xx_hal_gpio.o
LOAD Drivers/STM32G0xx_HAL_Driver/Src/stm32g0xx_hal_pwr.o
LOAD Drivers/STM32G0xx_HAL_Driver/Src/stm32g0xx_hal_pwr_ex.o
LOAD Drivers/STM32G0xx_HAL_Driver/Src/stm32g0xx_hal_rcc.o
LOAD Drivers/STM32G0xx_HAL_Driver/Src/stm32g0xx_hal_rcc_ex.o
LOAD Drivers/STM32G0xx_HAL_Driver/Src/stm32g0xx_hal_rng.o
LOAD Drivers/STM32G0xx_HAL_Driver/Src/stm32g0xx_hal_spi.o
LOAD Drivers/STM32G0xx_HAL_Driver/Src/stm32g0xx_hal_spi_ex.o
LOAD Drivers/STM32G0xx_HAL_Driver/Src/stm32g0xx_hal_tim.o
LOAD Drivers/STM32G0xx_HAL_Driver/Src/stm32g0xx_hal_tim_ex.o
LOAD Drivers/STM32G0xx_HAL_Driver/Src/stm32g0xx_ll_dma.o
LOAD Drivers/STM32G0xx_HAL_Driver/Src/stm32g0xx_ll_rcc.o
LOAD /home/braedensmith/Downloads/patch_x-cube-cryptolib-3.1.3/STM32CubeExpansion_Crypto_V3.1.0/STM32G0/Middlewares/ST/STM32_Cryptographic/Lib/libSTM32CryptographicV3.1.3_CM0PLUS_GCC_ot.a
START GROUP
LOAD /opt/st/stm32cubeide_1.5.1/plugins/com.st.stm32cube.ide.mcu.externaltools.gnu-tools-for-stm32.7-2018-q2-update.linux64_1.5.0.202011040924/tools/bin/../lib/gcc/arm-none-eabi/7.3.1/../../../../arm-none-eabi/lib/thumb/v6-m/libc_nano.a
LOAD /opt/st/stm32cubeide_1.5.1/plugins/com.st.stm32cube.ide.mcu.externaltools.gnu-tools-for-stm32.7-2018-q2-update.linux64_1.5.0.202011040924/tools/bin/../lib/gcc/arm-none-eabi/7.3.1/../../../../arm-none-eabi/lib/thumb/v6-m/libm.a
END GROUP
START GROUP
LOAD /opt/st/stm32cubeide_1.5.1/plugins/com.st.stm32cube.ide.mcu.externaltools.gnu-tools-for-stm32.7-2018-q2-update.linux64_1.5.0.202011040924/tools/bin/../lib/gcc/arm-none-eabi/7.3.1/thumb/v6-m/libgcc.a
LOAD /opt/st/stm32cubeide_1.5.1/plugins/com.st.stm32cube.ide.mcu.externaltools.gnu-tools-for-stm32.7-2018-q2-update.linux64_1.5.0.202011040924/tools/bin/../lib/gcc/arm-none-eabi/7.3.1/../../../../arm-none-eabi/lib/thumb/v6-m/libc_nano.a
END GROUP
START GROUP
LOAD /opt/st/stm32cubeide_1.5.1/plugins/com.st.stm32cube.ide.mcu.externaltools.gnu-tools-for-stm32.7-2018-q2-update.linux64_1.5.0.202011040924/tools/bin/../lib/gcc/arm-none-eabi/7.3.1/thumb/v6-m/libgcc.a
LOAD /opt/st/stm32cubeide_1.5.1/plugins/com.st.stm32cube.ide.mcu.externaltools.gnu-tools-for-stm32.7-2018-q2-update.linux64_1.5.0.202011040924/tools/bin/../lib/gcc/arm-none-eabi/7.3.1/../../../../arm-none-eabi/lib/thumb/v6-m/libc_nano.a
LOAD /opt/st/stm32cubeide_1.5.1/plugins/com.st.stm32cube.ide.mcu.externaltools.gnu-tools-for-stm32.7-2018-q2-update.linux64_1.5.0.202011040924/tools/bin/../lib/gcc/arm-none-eabi/7.3.1/../../../../arm-none-eabi/lib/thumb/v6-m/libnosys.a
END GROUP
START GROUP
LOAD /opt/st/stm32cubeide_1.5.1/plugins/com.st.stm32cube.ide.mcu.externaltools.gnu-tools-for-stm32.7-2018-q2-update.linux64_1.5.0.202011040924/tools/bin/../lib/gcc/arm-none-eabi/7.3.1/thumb/v6-m/libgcc.a
LOAD /opt/st/stm32cubeide_1.5.1/plugins/com.st.stm32cube.ide.mcu.externaltools.gnu-tools-for-stm32.7-2018-q2-update.linux64_1.5.0.202011040924/tools/bin/../lib/gcc/arm-none-eabi/7.3.1/../../../../arm-none-eabi/lib/thumb/v6-m/libc_nano.a
LOAD /opt/st/stm32cubeide_1.5.1/plugins/com.st.stm32cube.ide.mcu.externaltools.gnu-tools-for-stm32.7-2018-q2-update.linux64_1.5.0.202011040924/tools/bin/../lib/gcc/arm-none-eabi/7.3.1/../../../../arm-none-eabi/lib/thumb/v6-m/libnosys.a
END GROUP
LOAD /opt/st/stm32cubeide_1.5.1/plugins/com.st.stm32cube.ide.mcu.externaltools.gnu-tools-for-stm32.7-2018-q2-update.linux64_1.5.0.202011040924/tools/bin/../lib/gcc/arm-none-eabi/7.3.1/thumb/v6-m/crtend.o
LOAD /opt/st/stm32cubeide_1.5.1/plugins/com.st.stm32cube.ide.mcu.externaltools.gnu-tools-for-stm32.7-2018-q2-update.linux64_1.5.0.202011040924/tools/bin/../lib/gcc/arm-none-eabi/7.3.1/thumb/v6-m/crtn.o
                0x0000000020009000                _estack = (ORIGIN (RAM) + LENGTH (RAM))
                0x0000000000000200                _Min_Heap_Size = 0x200
                0x0000000000000400                _Min_Stack_Size = 0x400

.isr_vector     0x0000000008000000       0xc0
                0x0000000008000000                . = ALIGN (0x4)
 *(.isr_vector)
 .isr_vector    0x0000000008000000       0xc0 Core/Startup/startup_stm32g081rbtx.o
                0x0000000008000000                g_pfnVectors
                0x00000000080000c0                . = ALIGN (0x4)

.text           0x00000000080000c0     0x9138
                0x00000000080000c0                . = ALIGN (0x4)
 *(.text)
 .text          0x00000000080000c0       0x48 /opt/st/stm32cubeide_1.5.1/plugins/com.st.stm32cube.ide.mcu.externaltools.gnu-tools-for-stm32.7-2018-q2-update.linux64_1.5.0.202011040924/tools/bin/../lib/gcc/arm-none-eabi/7.3.1/thumb/v6-m/crtbegin.o
 .text          0x0000000008000108      0x114 /opt/st/stm32cubeide_1.5.1/plugins/com.st.stm32cube.ide.mcu.externaltools.gnu-tools-for-stm32.7-2018-q2-update.linux64_1.5.0.202011040924/tools/bin/../lib/gcc/arm-none-eabi/7.3.1/thumb/v6-m/libgcc.a(_udivsi3.o)
                0x0000000008000108                __udivsi3
                0x0000000008000108                __aeabi_uidiv
                0x0000000008000214                __aeabi_uidivmod
 .text          0x000000000800021c        0x4 /opt/st/stm32cubeide_1.5.1/plugins/com.st.stm32cube.ide.mcu.externaltools.gnu-tools-for-stm32.7-2018-q2-update.linux64_1.5.0.202011040924/tools/bin/../lib/gcc/arm-none-eabi/7.3.1/thumb/v6-m/libgcc.a(_dvmd_tls.o)
                0x000000000800021c                __aeabi_ldiv0
                0x000000000800021c                __aeabi_idiv0
 .text          0x0000000008000220       0x54 /opt/st/stm32cubeide_1.5.1/plugins/com.st.stm32cube.ide.mcu.externaltools.gnu-tools-for-stm32.7-2018-q2-update.linux64_1.5.0.202011040924/tools/bin/../lib/gcc/arm-none-eabi/7.3.1/thumb/v6-m/libgcc.a(_muldi3.o)
                0x0000000008000220                __aeabi_lmul
                0x0000000008000220                __muldi3
 *(.text*)
 .text.main     0x0000000008000274      0x4a0 Core/Src/main.o
                0x0000000008000274                main
 .text.SystemClock_Config
                0x0000000008000714      0x108 Core/Src/main.o
                0x0000000008000714                SystemClock_Config
 .text.MX_AES_Init
                0x000000000800081c       0x60 Core/Src/main.o
 .text.MX_CRC_Init
                0x000000000800087c       0x48 Core/Src/main.o
 .text.MX_RNG_Init
                0x00000000080008c4       0x30 Core/Src/main.o
 .text.MX_SPI1_Init
                0x00000000080008f4       0x7c Core/Src/main.o
 .text.MX_TIM1_Init
                0x0000000008000970      0x158 Core/Src/main.o
 .text.MX_TIM16_Init
                0x0000000008000ac8       0x50 Core/Src/main.o
 .text.MX_GPIO_Init
                0x0000000008000b18      0x184 Core/Src/main.o
 .text.HAL_GPIO_EXTI_Falling_Callback
                0x0000000008000c9c       0x6c Core/Src/main.o
                0x0000000008000c9c                HAL_GPIO_EXTI_Falling_Callback
 .text.HAL_GPIO_EXTI_Rising_Callback
                0x0000000008000d08       0x20 Core/Src/main.o
                0x0000000008000d08                HAL_GPIO_EXTI_Rising_Callback
 .text.HAL_TIM_PeriodElapsedCallback
                0x0000000008000d28      0x2f8 Core/Src/main.o
                0x0000000008000d28                HAL_TIM_PeriodElapsedCallback
 .text.readingCallback
                0x0000000008001020      0x1ac Core/Src/main.o
 .text.readKeyFromFlash
                0x00000000080011cc       0x4a Core/Src/main.o
 .text.writeKeyToFlash
                0x0000000008001216       0x6c Core/Src/main.o
 .text.Error_Handler
                0x0000000008001282        0x8 Core/Src/main.o
                0x0000000008001282                Error_Handler
 *fill*         0x000000000800128a        0x2 
 .text.rfm95_init
                0x000000000800128c      0x29c Core/Src/rfm95.o
                0x000000000800128c                rfm95_init
 .text.rfm95_setPower
                0x0000000008001528       0xf6 Core/Src/rfm95.o
                0x0000000008001528                rfm95_setPower
 *fill*         0x000000000800161e        0x2 
 .text.transmitPackage
                0x0000000008001620      0x104 Core/Src/rfm95.o
                0x0000000008001620                transmitPackage
 .text.rfm95_handleInterrupt
                0x0000000008001724       0xf8 Core/Src/rfm95.o
                0x0000000008001724                rfm95_handleInterrupt
 .text.rfm95_read
                0x000000000800181c       0x84 Core/Src/rfm95.o
                0x000000000800181c                rfm95_read
 .text.rfm95_write
                0x00000000080018a0       0x7c Core/Src/rfm95.o
                0x00000000080018a0                rfm95_write
 .text.rfm95_reset
                0x000000000800191c       0x44 Core/Src/rfm95.o
                0x000000000800191c                rfm95_reset
 .text.HAL_MspInit
                0x0000000008001960       0x50 Core/Src/stm32g0xx_hal_msp.o
                0x0000000008001960                HAL_MspInit
 .text.HAL_CRYP_MspInit
                0x00000000080019b0       0x40 Core/Src/stm32g0xx_hal_msp.o
                0x00000000080019b0                HAL_CRYP_MspInit
 .text.HAL_CRC_MspInit
                0x00000000080019f0       0x40 Core/Src/stm32g0xx_hal_msp.o
                0x00000000080019f0                HAL_CRC_MspInit
 .text.HAL_RNG_MspInit
                0x0000000008001a30       0x40 Core/Src/stm32g0xx_hal_msp.o
                0x0000000008001a30                HAL_RNG_MspInit
 .text.HAL_SPI_MspInit
                0x0000000008001a70       0x94 Core/Src/stm32g0xx_hal_msp.o
                0x0000000008001a70                HAL_SPI_MspInit
 .text.HAL_TIM_PWM_MspInit
                0x0000000008001b04       0x40 Core/Src/stm32g0xx_hal_msp.o
                0x0000000008001b04                HAL_TIM_PWM_MspInit
 .text.HAL_TIM_Base_MspInit
                0x0000000008001b44       0x50 Core/Src/stm32g0xx_hal_msp.o
                0x0000000008001b44                HAL_TIM_Base_MspInit
 .text.HAL_TIM_MspPostInit
                0x0000000008001b94       0x7c Core/Src/stm32g0xx_hal_msp.o
                0x0000000008001b94                HAL_TIM_MspPostInit
 .text.NMI_Handler
                0x0000000008001c10        0x6 Core/Src/stm32g0xx_it.o
                0x0000000008001c10                NMI_Handler
 .text.HardFault_Handler
                0x0000000008001c16        0x6 Core/Src/stm32g0xx_it.o
                0x0000000008001c16                HardFault_Handler
 .text.SVC_Handler
                0x0000000008001c1c        0xa Core/Src/stm32g0xx_it.o
                0x0000000008001c1c                SVC_Handler
 .text.PendSV_Handler
                0x0000000008001c26        0xa Core/Src/stm32g0xx_it.o
                0x0000000008001c26                PendSV_Handler
 .text.SysTick_Handler
                0x0000000008001c30        0xe Core/Src/stm32g0xx_it.o
                0x0000000008001c30                SysTick_Handler
 .text.EXTI0_1_IRQHandler
                0x0000000008001c3e       0x10 Core/Src/stm32g0xx_it.o
                0x0000000008001c3e                EXTI0_1_IRQHandler
 .text.EXTI4_15_IRQHandler
                0x0000000008001c4e       0x1e Core/Src/stm32g0xx_it.o
                0x0000000008001c4e                EXTI4_15_IRQHandler
 .text.TIM16_IRQHandler
                0x0000000008001c6c       0x18 Core/Src/stm32g0xx_it.o
                0x0000000008001c6c                TIM16_IRQHandler
 .text._getpid  0x0000000008001c84        0xc Core/Src/syscalls.o
                0x0000000008001c84                _getpid
 .text._kill    0x0000000008001c90       0x20 Core/Src/syscalls.o
                0x0000000008001c90                _kill
 .text._exit    0x0000000008001cb0       0x18 Core/Src/syscalls.o
                0x0000000008001cb0                _exit
 .text._read    0x0000000008001cc8       0x3a Core/Src/syscalls.o
                0x0000000008001cc8                _read
 .text._write   0x0000000008001d02       0x38 Core/Src/syscalls.o
                0x0000000008001d02                _write
 .text._close   0x0000000008001d3a       0x14 Core/Src/syscalls.o
                0x0000000008001d3a                _close
 .text._fstat   0x0000000008001d4e       0x1c Core/Src/syscalls.o
                0x0000000008001d4e                _fstat
 .text._isatty  0x0000000008001d6a       0x12 Core/Src/syscalls.o
                0x0000000008001d6a                _isatty
 .text._lseek   0x0000000008001d7c       0x16 Core/Src/syscalls.o
                0x0000000008001d7c                _lseek
 *fill*         0x0000000008001d92        0x2 
 .text._sbrk    0x0000000008001d94       0x6c Core/Src/sysmem.o
                0x0000000008001d94                _sbrk
 .text.SystemInit
                0x0000000008001e00       0x18 Core/Src/system_stm32g0xx.o
                0x0000000008001e00                SystemInit
 .text.Reset_Handler
                0x0000000008001e18       0x50 Core/Startup/startup_stm32g081rbtx.o
                0x0000000008001e18                Reset_Handler
 .text.Default_Handler
                0x0000000008001e68        0x2 Core/Startup/startup_stm32g081rbtx.o
                0x0000000008001e68                USART3_4_LPUART1_IRQHandler
                0x0000000008001e68                TIM1_CC_IRQHandler
                0x0000000008001e68                ADC1_COMP_IRQHandler
                0x0000000008001e68                PVD_IRQHandler
                0x0000000008001e68                I2C1_IRQHandler
                0x0000000008001e68                TIM7_LPTIM2_IRQHandler
                0x0000000008001e68                RTC_TAMP_IRQHandler
                0x0000000008001e68                SPI1_IRQHandler
                0x0000000008001e68                EXTI2_3_IRQHandler
                0x0000000008001e68                I2C2_IRQHandler
                0x0000000008001e68                TIM17_IRQHandler
                0x0000000008001e68                TIM3_IRQHandler
                0x0000000008001e68                RCC_IRQHandler
                0x0000000008001e68                DMA1_Channel1_IRQHandler
                0x0000000008001e68                Default_Handler
                0x0000000008001e68                CEC_IRQHandler
                0x0000000008001e68                TIM14_IRQHandler
                0x0000000008001e68                TIM15_IRQHandler
                0x0000000008001e68                SPI2_IRQHandler
                0x0000000008001e68                AES_RNG_IRQHandler
                0x0000000008001e68                TIM6_DAC_LPTIM1_IRQHandler
                0x0000000008001e68                WWDG_IRQHandler
                0x0000000008001e68                TIM2_IRQHandler
                0x0000000008001e68                DMA1_Ch4_7_DMAMUX1_OVR_IRQHandler
                0x0000000008001e68                DMA1_Channel2_3_IRQHandler
                0x0000000008001e68                UCPD1_2_IRQHandler
                0x0000000008001e68                USART2_IRQHandler
                0x0000000008001e68                FLASH_IRQHandler
                0x0000000008001e68                USART1_IRQHandler
                0x0000000008001e68                TIM1_BRK_UP_TRG_COM_IRQHandler
 *fill*         0x0000000008001e6a        0x2 
 .text.HAL_Init
                0x0000000008001e6c       0x40 Drivers/STM32G0xx_HAL_Driver/Src/stm32g0xx_hal.o
                0x0000000008001e6c                HAL_Init
 .text.HAL_InitTick
                0x0000000008001eac       0x94 Drivers/STM32G0xx_HAL_Driver/Src/stm32g0xx_hal.o
                0x0000000008001eac                HAL_InitTick
 .text.HAL_IncTick
                0x0000000008001f40       0x24 Drivers/STM32G0xx_HAL_Driver/Src/stm32g0xx_hal.o
                0x0000000008001f40                HAL_IncTick
 .text.HAL_GetTick
                0x0000000008001f64       0x14 Drivers/STM32G0xx_HAL_Driver/Src/stm32g0xx_hal.o
                0x0000000008001f64                HAL_GetTick
 .text.HAL_Delay
                0x0000000008001f78       0x44 Drivers/STM32G0xx_HAL_Driver/Src/stm32g0xx_hal.o
                0x0000000008001f78                HAL_Delay
 .text.HAL_SYSCFG_StrobeDBattpinsConfig
                0x0000000008001fbc       0x2c Drivers/STM32G0xx_HAL_Driver/Src/stm32g0xx_hal.o
                0x0000000008001fbc                HAL_SYSCFG_StrobeDBattpinsConfig
 .text.__NVIC_EnableIRQ
                0x0000000008001fe8       0x34 Drivers/STM32G0xx_HAL_Driver/Src/stm32g0xx_hal_cortex.o
 .text.__NVIC_SetPriority
                0x000000000800201c       0xdc Drivers/STM32G0xx_HAL_Driver/Src/stm32g0xx_hal_cortex.o
 .text.SysTick_Config
                0x00000000080020f8       0x48 Drivers/STM32G0xx_HAL_Driver/Src/stm32g0xx_hal_cortex.o
 .text.HAL_NVIC_SetPriority
                0x0000000008002140       0x2a Drivers/STM32G0xx_HAL_Driver/Src/stm32g0xx_hal_cortex.o
                0x0000000008002140                HAL_NVIC_SetPriority
 .text.HAL_NVIC_EnableIRQ
                0x000000000800216a       0x20 Drivers/STM32G0xx_HAL_Driver/Src/stm32g0xx_hal_cortex.o
                0x000000000800216a                HAL_NVIC_EnableIRQ
 .text.HAL_SYSTICK_Config
                0x000000000800218a       0x1a Drivers/STM32G0xx_HAL_Driver/Src/stm32g0xx_hal_cortex.o
                0x000000000800218a                HAL_SYSTICK_Config
 .text.HAL_CRC_Init
                0x00000000080021a4       0xcc Drivers/STM32G0xx_HAL_Driver/Src/stm32g0xx_hal_crc.o
                0x00000000080021a4                HAL_CRC_Init
 .text.HAL_CRCEx_Polynomial_Set
                0x0000000008002270       0xca Drivers/STM32G0xx_HAL_Driver/Src/stm32g0xx_hal_crc_ex.o
                0x0000000008002270                HAL_CRCEx_Polynomial_Set
 *fill*         0x000000000800233a        0x2 
 .text.HAL_CRYP_Init
                0x000000000800233c       0x7c Drivers/STM32G0xx_HAL_Driver/Src/stm32g0xx_hal_cryp.o
                0x000000000800233c                HAL_CRYP_Init
 .text.HAL_CRYP_Encrypt
                0x00000000080023b8      0x150 Drivers/STM32G0xx_HAL_Driver/Src/stm32g0xx_hal_cryp.o
                0x00000000080023b8                HAL_CRYP_Encrypt
 .text.HAL_CRYP_Decrypt
                0x0000000008002508      0x154 Drivers/STM32G0xx_HAL_Driver/Src/stm32g0xx_hal_cryp.o
                0x0000000008002508                HAL_CRYP_Decrypt
 .text.HAL_CRYP_ErrorCallback
                0x000000000800265c       0x10 Drivers/STM32G0xx_HAL_Driver/Src/stm32g0xx_hal_cryp.o
                0x000000000800265c                HAL_CRYP_ErrorCallback
 .text.CRYP_AES_Encrypt
                0x000000000800266c      0x110 Drivers/STM32G0xx_HAL_Driver/Src/stm32g0xx_hal_cryp.o
 .text.CRYP_AES_Decrypt
                0x000000000800277c      0x1e0 Drivers/STM32G0xx_HAL_Driver/Src/stm32g0xx_hal_cryp.o
 .text.CRYP_AES_ProcessData
                0x000000000800295c      0x170 Drivers/STM32G0xx_HAL_Driver/Src/stm32g0xx_hal_cryp.o
 .text.CRYP_SetKey
                0x0000000008002acc       0xc0 Drivers/STM32G0xx_HAL_Driver/Src/stm32g0xx_hal_cryp.o
 .text.CRYP_AESGCM_Process
                0x0000000008002b8c      0x364 Drivers/STM32G0xx_HAL_Driver/Src/stm32g0xx_hal_cryp.o
 .text.CRYP_AESCCM_Process
                0x0000000008002ef0      0x36c Drivers/STM32G0xx_HAL_Driver/Src/stm32g0xx_hal_cryp.o
 .text.CRYP_GCMCCM_SetHeaderPhase
                0x000000000800325c      0x3bc Drivers/STM32G0xx_HAL_Driver/Src/stm32g0xx_hal_cryp.o
 .text.CRYP_WaitOnCCFlag
                0x0000000008003618       0x4a Drivers/STM32G0xx_HAL_Driver/Src/stm32g0xx_hal_cryp.o
 *fill*         0x0000000008003662        0x2 
 .text.HAL_FLASH_Program
                0x0000000008003664       0xa0 Drivers/STM32G0xx_HAL_Driver/Src/stm32g0xx_hal_flash.o
                0x0000000008003664                HAL_FLASH_Program
 .text.HAL_FLASH_Unlock
                0x0000000008003704       0x48 Drivers/STM32G0xx_HAL_Driver/Src/stm32g0xx_hal_flash.o
                0x0000000008003704                HAL_FLASH_Unlock
 .text.HAL_FLASH_Lock
                0x000000000800374c       0x38 Drivers/STM32G0xx_HAL_Driver/Src/stm32g0xx_hal_flash.o
                0x000000000800374c                HAL_FLASH_Lock
 .text.FLASH_WaitForLastOperation
                0x0000000008003784       0x9c Drivers/STM32G0xx_HAL_Driver/Src/stm32g0xx_hal_flash.o
                0x0000000008003784                FLASH_WaitForLastOperation
 .text.FLASH_Program_DoubleWord
                0x0000000008003820       0x40 Drivers/STM32G0xx_HAL_Driver/Src/stm32g0xx_hal_flash.o
 .text.HAL_FLASHEx_Erase
                0x0000000008003860       0xe8 Drivers/STM32G0xx_HAL_Driver/Src/stm32g0xx_hal_flash_ex.o
                0x0000000008003860                HAL_FLASHEx_Erase
 .text.FLASH_MassErase
                0x0000000008003948       0x28 Drivers/STM32G0xx_HAL_Driver/Src/stm32g0xx_hal_flash_ex.o
 .text.FLASH_PageErase
                0x0000000008003970       0x38 Drivers/STM32G0xx_HAL_Driver/Src/stm32g0xx_hal_flash_ex.o
                0x0000000008003970                FLASH_PageErase
 .text.HAL_GPIO_Init
                0x00000000080039a8      0x2c8 Drivers/STM32G0xx_HAL_Driver/Src/stm32g0xx_hal_gpio.o
                0x00000000080039a8                HAL_GPIO_Init
 .text.HAL_GPIO_ReadPin
                0x0000000008003c70       0x3a Drivers/STM32G0xx_HAL_Driver/Src/stm32g0xx_hal_gpio.o
                0x0000000008003c70                HAL_GPIO_ReadPin
 .text.HAL_GPIO_WritePin
                0x0000000008003caa       0x3a Drivers/STM32G0xx_HAL_Driver/Src/stm32g0xx_hal_gpio.o
                0x0000000008003caa                HAL_GPIO_WritePin
 .text.HAL_GPIO_TogglePin
                0x0000000008003ce4       0x36 Drivers/STM32G0xx_HAL_Driver/Src/stm32g0xx_hal_gpio.o
                0x0000000008003ce4                HAL_GPIO_TogglePin
 *fill*         0x0000000008003d1a        0x2 
 .text.HAL_GPIO_EXTI_IRQHandler
                0x0000000008003d1c       0x54 Drivers/STM32G0xx_HAL_Driver/Src/stm32g0xx_hal_gpio.o
                0x0000000008003d1c                HAL_GPIO_EXTI_IRQHandler
 .text.HAL_PWREx_ControlVoltageScaling
                0x0000000008003d70       0x80 Drivers/STM32G0xx_HAL_Driver/Src/stm32g0xx_hal_pwr_ex.o
                0x0000000008003d70                HAL_PWREx_ControlVoltageScaling
 .text.HAL_RCC_OscConfig
                0x0000000008003df0      0x640 Drivers/STM32G0xx_HAL_Driver/Src/stm32g0xx_hal_rcc.o
                0x0000000008003df0                HAL_RCC_OscConfig
 .text.HAL_RCC_ClockConfig
                0x0000000008004430      0x210 Drivers/STM32G0xx_HAL_Driver/Src/stm32g0xx_hal_rcc.o
                0x0000000008004430                HAL_RCC_ClockConfig
 .text.HAL_RCC_GetSysClockFreq
                0x0000000008004640      0x104 Drivers/STM32G0xx_HAL_Driver/Src/stm32g0xx_hal_rcc.o
                0x0000000008004640                HAL_RCC_GetSysClockFreq
 .text.HAL_RCCEx_PeriphCLKConfig
                0x0000000008004744      0x3b4 Drivers/STM32G0xx_HAL_Driver/Src/stm32g0xx_hal_rcc_ex.o
                0x0000000008004744                HAL_RCCEx_PeriphCLKConfig
 .text.HAL_RNG_Init
                0x0000000008004af8       0x6e Drivers/STM32G0xx_HAL_Driver/Src/stm32g0xx_hal_rng.o
                0x0000000008004af8                HAL_RNG_Init
 .text.HAL_RNG_GenerateRandomNumber
                0x0000000008004b66       0xac Drivers/STM32G0xx_HAL_Driver/Src/stm32g0xx_hal_rng.o
                0x0000000008004b66                HAL_RNG_GenerateRandomNumber
 *fill*         0x0000000008004c12        0x2 
 .text.HAL_SPI_Init
                0x0000000008004c14      0x170 Drivers/STM32G0xx_HAL_Driver/Src/stm32g0xx_hal_spi.o
                0x0000000008004c14                HAL_SPI_Init
 .text.HAL_SPI_Transmit
                0x0000000008004d84      0x2b0 Drivers/STM32G0xx_HAL_Driver/Src/stm32g0xx_hal_spi.o
                0x0000000008004d84                HAL_SPI_Transmit
 .text.HAL_SPI_Receive
                0x0000000008005034      0x298 Drivers/STM32G0xx_HAL_Driver/Src/stm32g0xx_hal_spi.o
                0x0000000008005034                HAL_SPI_Receive
 .text.HAL_SPI_TransmitReceive
                0x00000000080052cc      0x3a8 Drivers/STM32G0xx_HAL_Driver/Src/stm32g0xx_hal_spi.o
                0x00000000080052cc                HAL_SPI_TransmitReceive
 .text.SPI_WaitFlagStateUntilTimeout
                0x0000000008005674      0x11c Drivers/STM32G0xx_HAL_Driver/Src/stm32g0xx_hal_spi.o
 .text.SPI_WaitFifoStateUntilTimeout
                0x0000000008005790      0x12c Drivers/STM32G0xx_HAL_Driver/Src/stm32g0xx_hal_spi.o
 .text.SPI_EndRxTransaction
                0x00000000080058bc       0xbc Drivers/STM32G0xx_HAL_Driver/Src/stm32g0xx_hal_spi.o
 .text.SPI_EndRxTxTransaction
                0x0000000008005978       0x8c Drivers/STM32G0xx_HAL_Driver/Src/stm32g0xx_hal_spi.o
 .text.HAL_TIM_Base_Init
                0x0000000008005a04       0xb0 Drivers/STM32G0xx_HAL_Driver/Src/stm32g0xx_hal_tim.o
                0x0000000008005a04                HAL_TIM_Base_Init
 .text.HAL_TIM_Base_Start_IT
                0x0000000008005ab4       0xb8 Drivers/STM32G0xx_HAL_Driver/Src/stm32g0xx_hal_tim.o
                0x0000000008005ab4                HAL_TIM_Base_Start_IT
 .text.HAL_TIM_PWM_Init
                0x0000000008005b6c       0xb0 Drivers/STM32G0xx_HAL_Driver/Src/stm32g0xx_hal_tim.o
                0x0000000008005b6c                HAL_TIM_PWM_Init
 .text.HAL_TIM_PWM_Start
                0x0000000008005c1c      0x1d4 Drivers/STM32G0xx_HAL_Driver/Src/stm32g0xx_hal_tim.o
                0x0000000008005c1c                HAL_TIM_PWM_Start
 .text.HAL_TIM_IRQHandler
                0x0000000008005df0      0x264 Drivers/STM32G0xx_HAL_Driver/Src/stm32g0xx_hal_tim.o
                0x0000000008005df0                HAL_TIM_IRQHandler
 .text.HAL_TIM_PWM_ConfigChannel
                0x0000000008006054      0x1ec Drivers/STM32G0xx_HAL_Driver/Src/stm32g0xx_hal_tim.o
                0x0000000008006054                HAL_TIM_PWM_ConfigChannel
 .text.HAL_TIM_OC_DelayElapsedCallback
                0x0000000008006240       0x10 Drivers/STM32G0xx_HAL_Driver/Src/stm32g0xx_hal_tim.o
                0x0000000008006240                HAL_TIM_OC_DelayElapsedCallback
 .text.HAL_TIM_IC_CaptureCallback
                0x0000000008006250       0x10 Drivers/STM32G0xx_HAL_Driver/Src/stm32g0xx_hal_tim.o
                0x0000000008006250                HAL_TIM_IC_CaptureCallback
 .text.HAL_TIM_PWM_PulseFinishedCallback
                0x0000000008006260       0x10 Drivers/STM32G0xx_HAL_Driver/Src/stm32g0xx_hal_tim.o
                0x0000000008006260                HAL_TIM_PWM_PulseFinishedCallback
 .text.HAL_TIM_TriggerCallback
                0x0000000008006270       0x10 Drivers/STM32G0xx_HAL_Driver/Src/stm32g0xx_hal_tim.o
                0x0000000008006270                HAL_TIM_TriggerCallback
 .text.TIM_Base_SetConfig
                0x0000000008006280      0x100 Drivers/STM32G0xx_HAL_Driver/Src/stm32g0xx_hal_tim.o
                0x0000000008006280                TIM_Base_SetConfig
 .text.TIM_OC1_SetConfig
                0x0000000008006380      0x114 Drivers/STM32G0xx_HAL_Driver/Src/stm32g0xx_hal_tim.o
 .text.TIM_OC2_SetConfig
                0x0000000008006494      0x108 Drivers/STM32G0xx_HAL_Driver/Src/stm32g0xx_hal_tim.o
                0x0000000008006494                TIM_OC2_SetConfig
 .text.TIM_OC3_SetConfig
                0x000000000800659c      0x110 Drivers/STM32G0xx_HAL_Driver/Src/stm32g0xx_hal_tim.o
 .text.TIM_OC4_SetConfig
                0x00000000080066ac       0xd4 Drivers/STM32G0xx_HAL_Driver/Src/stm32g0xx_hal_tim.o
 .text.TIM_OC5_SetConfig
                0x0000000008006780       0xc0 Drivers/STM32G0xx_HAL_Driver/Src/stm32g0xx_hal_tim.o
 .text.TIM_OC6_SetConfig
                0x0000000008006840       0xc8 Drivers/STM32G0xx_HAL_Driver/Src/stm32g0xx_hal_tim.o
 .text.TIM_CCxChannelCmd
                0x0000000008006908       0x46 Drivers/STM32G0xx_HAL_Driver/Src/stm32g0xx_hal_tim.o
                0x0000000008006908                TIM_CCxChannelCmd
 *fill*         0x000000000800694e        0x2 
 .text.HAL_TIMEx_MasterConfigSynchronization
                0x0000000008006950       0xdc Drivers/STM32G0xx_HAL_Driver/Src/stm32g0xx_hal_tim_ex.o
                0x0000000008006950                HAL_TIMEx_MasterConfigSynchronization
 .text.HAL_TIMEx_ConfigBreakDeadTime
                0x0000000008006a2c      0x14c Drivers/STM32G0xx_HAL_Driver/Src/stm32g0xx_hal_tim_ex.o
                0x0000000008006a2c                HAL_TIMEx_ConfigBreakDeadTime
 .text.HAL_TIMEx_CommutCallback
                0x0000000008006b78       0x10 Drivers/STM32G0xx_HAL_Driver/Src/stm32g0xx_hal_tim_ex.o
                0x0000000008006b78                HAL_TIMEx_CommutCallback
 .text.HAL_TIMEx_BreakCallback
                0x0000000008006b88       0x10 Drivers/STM32G0xx_HAL_Driver/Src/stm32g0xx_hal_tim_ex.o
                0x0000000008006b88                HAL_TIMEx_BreakCallback
 .text.HAL_TIMEx_Break2Callback
                0x0000000008006b98       0x10 Drivers/STM32G0xx_HAL_Driver/Src/stm32g0xx_hal_tim_ex.o
                0x0000000008006b98                HAL_TIMEx_Break2Callback
 .text.fe25519_unpack
                0x0000000008006ba8       0xb8 /home/braedensmith/Downloads/patch_x-cube-cryptolib-3.1.3/STM32CubeExpansion_Crypto_V3.1.0/STM32G0/Middlewares/ST/STM32_Cryptographic/Lib/libSTM32CryptographicV3.1.3_CM0PLUS_GCC_ot.a(crypto.o)
                0x0000000008006ba8                fe25519_unpack
 .text.fe25519_cmov
                0x0000000008006c60       0x68 /home/braedensmith/Downloads/patch_x-cube-cryptolib-3.1.3/STM32CubeExpansion_Crypto_V3.1.0/STM32G0/Middlewares/ST/STM32_Cryptographic/Lib/libSTM32CryptographicV3.1.3_CM0PLUS_GCC_ot.a(crypto.o)
                0x0000000008006c60                fe25519_cmov
 .text.fe25519_copy
                0x0000000008006cc8       0x24 /home/braedensmith/Downloads/patch_x-cube-cryptolib-3.1.3/STM32CubeExpansion_Crypto_V3.1.0/STM32G0/Middlewares/ST/STM32_Cryptographic/Lib/libSTM32CryptographicV3.1.3_CM0PLUS_GCC_ot.a(crypto.o)
                0x0000000008006cc8                fe25519_copy
 .text.fe25519_setone
                0x0000000008006cec       0x18 /home/braedensmith/Downloads/patch_x-cube-cryptolib-3.1.3/STM32CubeExpansion_Crypto_V3.1.0/STM32G0/Middlewares/ST/STM32_Cryptographic/Lib/libSTM32CryptographicV3.1.3_CM0PLUS_GCC_ot.a(crypto.o)
                0x0000000008006cec                fe25519_setone
 .text.fe25519_setzero
                0x0000000008006d04        0xc /home/braedensmith/Downloads/patch_x-cube-cryptolib-3.1.3/STM32CubeExpansion_Crypto_V3.1.0/STM32G0/Middlewares/ST/STM32_Cryptographic/Lib/libSTM32CryptographicV3.1.3_CM0PLUS_GCC_ot.a(crypto.o)
                0x0000000008006d04                fe25519_setzero
 .text.fe25519_add
                0x0000000008006d10      0x174 /home/braedensmith/Downloads/patch_x-cube-cryptolib-3.1.3/STM32CubeExpansion_Crypto_V3.1.0/STM32G0/Middlewares/ST/STM32_Cryptographic/Lib/libSTM32CryptographicV3.1.3_CM0PLUS_GCC_ot.a(crypto.o)
                0x0000000008006d10                fe25519_add
 .text.fe25519_sub
                0x0000000008006e84      0x174 /home/braedensmith/Downloads/patch_x-cube-cryptolib-3.1.3/STM32CubeExpansion_Crypto_V3.1.0/STM32G0/Middlewares/ST/STM32_Cryptographic/Lib/libSTM32CryptographicV3.1.3_CM0PLUS_GCC_ot.a(crypto.o)
                0x0000000008006e84                fe25519_sub
 .text.fe25519_freeze
                0x0000000008006ff8      0x158 /home/braedensmith/Downloads/patch_x-cube-cryptolib-3.1.3/STM32CubeExpansion_Crypto_V3.1.0/STM32G0/Middlewares/ST/STM32_Cryptographic/Lib/libSTM32CryptographicV3.1.3_CM0PLUS_GCC_ot.a(crypto.o)
                0x0000000008006ff8                fe25519_freeze
 .text.fe25519_pack
                0x0000000008007150       0xa0 /home/braedensmith/Downloads/patch_x-cube-cryptolib-3.1.3/STM32CubeExpansion_Crypto_V3.1.0/STM32G0/Middlewares/ST/STM32_Cryptographic/Lib/libSTM32CryptographicV3.1.3_CM0PLUS_GCC_ot.a(crypto.o)
                0x0000000008007150                fe25519_pack
 .text.fe25519_mul
                0x00000000080071f0      0x368 /home/braedensmith/Downloads/patch_x-cube-cryptolib-3.1.3/STM32CubeExpansion_Crypto_V3.1.0/STM32G0/Middlewares/ST/STM32_Cryptographic/Lib/libSTM32CryptographicV3.1.3_CM0PLUS_GCC_ot.a(crypto.o)
                0x00000000080071f0                fe25519_mul
 .text.fe25519_square
                0x0000000008007558        0xc /home/braedensmith/Downloads/patch_x-cube-cryptolib-3.1.3/STM32CubeExpansion_Crypto_V3.1.0/STM32G0/Middlewares/ST/STM32_Cryptographic/Lib/libSTM32CryptographicV3.1.3_CM0PLUS_GCC_ot.a(crypto.o)
                0x0000000008007558                fe25519_square
 .text.fe25519_invert
                0x0000000008007564      0x1d8 /home/braedensmith/Downloads/patch_x-cube-cryptolib-3.1.3/STM32CubeExpansion_Crypto_V3.1.0/STM32G0/Middlewares/ST/STM32_Cryptographic/Lib/libSTM32CryptographicV3.1.3_CM0PLUS_GCC_ot.a(crypto.o)
                0x0000000008007564                fe25519_invert
 .text.fe25519_mult121665
                0x000000000800773c      0x308 /home/braedensmith/Downloads/patch_x-cube-cryptolib-3.1.3/STM32CubeExpansion_Crypto_V3.1.0/STM32G0/Middlewares/ST/STM32_Cryptographic/Lib/libSTM32CryptographicV3.1.3_CM0PLUS_GCC_ot.a(crypto.o)
                0x000000000800773c                fe25519_mult121665
 .text.C25519keyExchange.part.50
                0x0000000008007a44      0x768 /home/braedensmith/Downloads/patch_x-cube-cryptolib-3.1.3/STM32CubeExpansion_Crypto_V3.1.0/STM32G0/Middlewares/ST/STM32_Cryptographic/Lib/libSTM32CryptographicV3.1.3_CM0PLUS_GCC_ot.a(crypto.o)
 .text.C25519keyGen
                0x00000000080081ac       0x4c /home/braedensmith/Downloads/patch_x-cube-cryptolib-3.1.3/STM32CubeExpansion_Crypto_V3.1.0/STM32G0/Middlewares/ST/STM32_Cryptographic/Lib/libSTM32CryptographicV3.1.3_CM0PLUS_GCC_ot.a(crypto.o)
                0x00000000080081ac                C25519keyGen
 .text.C25519keyExchange
                0x00000000080081f8       0x1c /home/braedensmith/Downloads/patch_x-cube-cryptolib-3.1.3/STM32CubeExpansion_Crypto_V3.1.0/STM32G0/Middlewares/ST/STM32_Cryptographic/Lib/libSTM32CryptographicV3.1.3_CM0PLUS_GCC_ot.a(crypto.o)
                0x00000000080081f8                C25519keyExchange
 .text.__assert_func
                0x0000000008008214       0x3c /opt/st/stm32cubeide_1.5.1/plugins/com.st.stm32cube.ide.mcu.externaltools.gnu-tools-for-stm32.7-2018-q2-update.linux64_1.5.0.202011040924/tools/bin/../lib/gcc/arm-none-eabi/7.3.1/../../../../arm-none-eabi/lib/thumb/v6-m/libc_nano.a(lib_a-assert.o)
                0x0000000008008214                __assert_func
 .text.calloc   0x0000000008008250       0x14 /opt/st/stm32cubeide_1.5.1/plugins/com.st.stm32cube.ide.mcu.externaltools.gnu-tools-for-stm32.7-2018-q2-update.linux64_1.5.0.202011040924/tools/bin/../lib/gcc/arm-none-eabi/7.3.1/../../../../arm-none-eabi/lib/thumb/v6-m/libc_nano.a(lib_a-calloc.o)
                0x0000000008008250                calloc
 .text.__errno  0x0000000008008264        0xc /opt/st/stm32cubeide_1.5.1/plugins/com.st.stm32cube.ide.mcu.externaltools.gnu-tools-for-stm32.7-2018-q2-update.linux64_1.5.0.202011040924/tools/bin/../lib/gcc/arm-none-eabi/7.3.1/../../../../arm-none-eabi/lib/thumb/v6-m/libc_nano.a(lib_a-errno.o)
                0x0000000008008264                __errno
 .text.fprintf  0x0000000008008270       0x20 /opt/st/stm32cubeide_1.5.1/plugins/com.st.stm32cube.ide.mcu.externaltools.gnu-tools-for-stm32.7-2018-q2-update.linux64_1.5.0.202011040924/tools/bin/../lib/gcc/arm-none-eabi/7.3.1/../../../../arm-none-eabi/lib/thumb/v6-m/libc_nano.a(lib_a-fprintf.o)
                0x0000000008008270                fprintf
                0x0000000008008270                fiprintf
 .text.__libc_init_array
                0x0000000008008290       0x48 /opt/st/stm32cubeide_1.5.1/plugins/com.st.stm32cube.ide.mcu.externaltools.gnu-tools-for-stm32.7-2018-q2-update.linux64_1.5.0.202011040924/tools/bin/../lib/gcc/arm-none-eabi/7.3.1/../../../../arm-none-eabi/lib/thumb/v6-m/libc_nano.a(lib_a-init.o)
                0x0000000008008290                __libc_init_array
 .text.free     0x00000000080082d8       0x14 /opt/st/stm32cubeide_1.5.1/plugins/com.st.stm32cube.ide.mcu.externaltools.gnu-tools-for-stm32.7-2018-q2-update.linux64_1.5.0.202011040924/tools/bin/../lib/gcc/arm-none-eabi/7.3.1/../../../../arm-none-eabi/lib/thumb/v6-m/libc_nano.a(lib_a-malloc.o)
                0x00000000080082d8                free
 .text.memcpy   0x00000000080082ec       0x12 /opt/st/stm32cubeide_1.5.1/plugins/com.st.stm32cube.ide.mcu.externaltools.gnu-tools-for-stm32.7-2018-q2-update.linux64_1.5.0.202011040924/tools/bin/../lib/gcc/arm-none-eabi/7.3.1/../../../../arm-none-eabi/lib/thumb/v6-m/libc_nano.a(lib_a-memcpy-stub.o)
                0x00000000080082ec                memcpy
 .text.memset   0x00000000080082fe       0x10 /opt/st/stm32cubeide_1.5.1/plugins/com.st.stm32cube.ide.mcu.externaltools.gnu-tools-for-stm32.7-2018-q2-update.linux64_1.5.0.202011040924/tools/bin/../lib/gcc/arm-none-eabi/7.3.1/../../../../arm-none-eabi/lib/thumb/v6-m/libc_nano.a(lib_a-memset.o)
                0x00000000080082fe                memset
 .text._calloc_r
                0x000000000800830e       0x1c /opt/st/stm32cubeide_1.5.1/plugins/com.st.stm32cube.ide.mcu.externaltools.gnu-tools-for-stm32.7-2018-q2-update.linux64_1.5.0.202011040924/tools/bin/../lib/gcc/arm-none-eabi/7.3.1/../../../../arm-none-eabi/lib/thumb/v6-m/libc_nano.a(lib_a-nano-callocr.o)
                0x000000000800830e                _calloc_r
 *fill*         0x000000000800832a        0x2 
 .text._free_r  0x000000000800832c       0x94 /opt/st/stm32cubeide_1.5.1/plugins/com.st.stm32cube.ide.mcu.externaltools.gnu-tools-for-stm32.7-2018-q2-update.linux64_1.5.0.202011040924/tools/bin/../lib/gcc/arm-none-eabi/7.3.1/../../../../arm-none-eabi/lib/thumb/v6-m/libc_nano.a(lib_a-nano-freer.o)
                0x000000000800832c                _free_r
 .text._malloc_r
                0x00000000080083c0       0xbc /opt/st/stm32cubeide_1.5.1/plugins/com.st.stm32cube.ide.mcu.externaltools.gnu-tools-for-stm32.7-2018-q2-update.linux64_1.5.0.202011040924/tools/bin/../lib/gcc/arm-none-eabi/7.3.1/../../../../arm-none-eabi/lib/thumb/v6-m/libc_nano.a(lib_a-nano-mallocr.o)
                0x00000000080083c0                _malloc_r
 .text.__sfputc_r
                0x000000000800847c       0x2a /opt/st/stm32cubeide_1.5.1/plugins/com.st.stm32cube.ide.mcu.externaltools.gnu-tools-for-stm32.7-2018-q2-update.linux64_1.5.0.202011040924/tools/bin/../lib/gcc/arm-none-eabi/7.3.1/../../../../arm-none-eabi/lib/thumb/v6-m/libc_nano.a(lib_a-nano-vfprintf.o)
 .text.__sfputs_r
                0x00000000080084a6       0x24 /opt/st/stm32cubeide_1.5.1/plugins/com.st.stm32cube.ide.mcu.externaltools.gnu-tools-for-stm32.7-2018-q2-update.linux64_1.5.0.202011040924/tools/bin/../lib/gcc/arm-none-eabi/7.3.1/../../../../arm-none-eabi/lib/thumb/v6-m/libc_nano.a(lib_a-nano-vfprintf.o)
                0x00000000080084a6                __sfputs_r
 *fill*         0x00000000080084ca        0x2 
 .text._vfprintf_r
                0x00000000080084cc      0x22c /opt/st/stm32cubeide_1.5.1/plugins/com.st.stm32cube.ide.mcu.externaltools.gnu-tools-for-stm32.7-2018-q2-update.linux64_1.5.0.202011040924/tools/bin/../lib/gcc/arm-none-eabi/7.3.1/../../../../arm-none-eabi/lib/thumb/v6-m/libc_nano.a(lib_a-nano-vfprintf.o)
                0x00000000080084cc                _vfiprintf_r
                0x00000000080084cc                _vfprintf_r
 .text._printf_common
                0x00000000080086f8       0xda /opt/st/stm32cubeide_1.5.1/plugins/com.st.stm32cube.ide.mcu.externaltools.gnu-tools-for-stm32.7-2018-q2-update.linux64_1.5.0.202011040924/tools/bin/../lib/gcc/arm-none-eabi/7.3.1/../../../../arm-none-eabi/lib/thumb/v6-m/libc_nano.a(lib_a-nano-vfprintf_i.o)
                0x00000000080086f8                _printf_common
 *fill*         0x00000000080087d2        0x2 
 .text._printf_i
                0x00000000080087d4      0x210 /opt/st/stm32cubeide_1.5.1/plugins/com.st.stm32cube.ide.mcu.externaltools.gnu-tools-for-stm32.7-2018-q2-update.linux64_1.5.0.202011040924/tools/bin/../lib/gcc/arm-none-eabi/7.3.1/../../../../arm-none-eabi/lib/thumb/v6-m/libc_nano.a(lib_a-nano-vfprintf_i.o)
                0x00000000080087d4                _printf_i
 .text._sbrk_r  0x00000000080089e4       0x24 /opt/st/stm32cubeide_1.5.1/plugins/com.st.stm32cube.ide.mcu.externaltools.gnu-tools-for-stm32.7-2018-q2-update.linux64_1.5.0.202011040924/tools/bin/../lib/gcc/arm-none-eabi/7.3.1/../../../../arm-none-eabi/lib/thumb/v6-m/libc_nano.a(lib_a-sbrkr.o)
                0x00000000080089e4                _sbrk_r
 .text.__swbuf_r
                0x0000000008008a08       0xac /opt/st/stm32cubeide_1.5.1/plugins/com.st.stm32cube.ide.mcu.externaltools.gnu-tools-for-stm32.7-2018-q2-update.linux64_1.5.0.202011040924/tools/bin/../lib/gcc/arm-none-eabi/7.3.1/../../../../arm-none-eabi/lib/thumb/v6-m/libc_nano.a(lib_a-wbuf.o)
                0x0000000008008a08                __swbuf_r
 .text.__swsetup_r
                0x0000000008008ab4       0xec /opt/st/stm32cubeide_1.5.1/plugins/com.st.stm32cube.ide.mcu.externaltools.gnu-tools-for-stm32.7-2018-q2-update.linux64_1.5.0.202011040924/tools/bin/../lib/gcc/arm-none-eabi/7.3.1/../../../../arm-none-eabi/lib/thumb/v6-m/libc_nano.a(lib_a-wsetup.o)
                0x0000000008008ab4                __swsetup_r
 .text.abort    0x0000000008008ba0        0xe /opt/st/stm32cubeide_1.5.1/plugins/com.st.stm32cube.ide.mcu.externaltools.gnu-tools-for-stm32.7-2018-q2-update.linux64_1.5.0.202011040924/tools/bin/../lib/gcc/arm-none-eabi/7.3.1/../../../../arm-none-eabi/lib/thumb/v6-m/libc_nano.a(lib_a-abort.o)
                0x0000000008008ba0                abort
 *fill*         0x0000000008008bae        0x2 
 .text.__sflush_r
                0x0000000008008bb0      0x114 /opt/st/stm32cubeide_1.5.1/plugins/com.st.stm32cube.ide.mcu.externaltools.gnu-tools-for-stm32.7-2018-q2-update.linux64_1.5.0.202011040924/tools/bin/../lib/gcc/arm-none-eabi/7.3.1/../../../../arm-none-eabi/lib/thumb/v6-m/libc_nano.a(lib_a-fflush.o)
                0x0000000008008bb0                __sflush_r
 .text._fflush_r
                0x0000000008008cc4       0x58 /opt/st/stm32cubeide_1.5.1/plugins/com.st.stm32cube.ide.mcu.externaltools.gnu-tools-for-stm32.7-2018-q2-update.linux64_1.5.0.202011040924/tools/bin/../lib/gcc/arm-none-eabi/7.3.1/../../../../arm-none-eabi/lib/thumb/v6-m/libc_nano.a(lib_a-fflush.o)
                0x0000000008008cc4                _fflush_r
 .text.std      0x0000000008008d1c       0x48 /opt/st/stm32cubeide_1.5.1/plugins/com.st.stm32cube.ide.mcu.externaltools.gnu-tools-for-stm32.7-2018-q2-update.linux64_1.5.0.202011040924/tools/bin/../lib/gcc/arm-none-eabi/7.3.1/../../../../arm-none-eabi/lib/thumb/v6-m/libc_nano.a(lib_a-findfp.o)
 .text._cleanup_r
                0x0000000008008d64       0x10 /opt/st/stm32cubeide_1.5.1/plugins/com.st.stm32cube.ide.mcu.externaltools.gnu-tools-for-stm32.7-2018-q2-update.linux64_1.5.0.202011040924/tools/bin/../lib/gcc/arm-none-eabi/7.3.1/../../../../arm-none-eabi/lib/thumb/v6-m/libc_nano.a(lib_a-findfp.o)
                0x0000000008008d64                _cleanup_r
 .text.__sfmoreglue
                0x0000000008008d74       0x2c /opt/st/stm32cubeide_1.5.1/plugins/com.st.stm32cube.ide.mcu.externaltools.gnu-tools-for-stm32.7-2018-q2-update.linux64_1.5.0.202011040924/tools/bin/../lib/gcc/arm-none-eabi/7.3.1/../../../../arm-none-eabi/lib/thumb/v6-m/libc_nano.a(lib_a-findfp.o)
                0x0000000008008d74                __sfmoreglue
 .text.__sinit  0x0000000008008da0       0x68 /opt/st/stm32cubeide_1.5.1/plugins/com.st.stm32cube.ide.mcu.externaltools.gnu-tools-for-stm32.7-2018-q2-update.linux64_1.5.0.202011040924/tools/bin/../lib/gcc/arm-none-eabi/7.3.1/../../../../arm-none-eabi/lib/thumb/v6-m/libc_nano.a(lib_a-findfp.o)
                0x0000000008008da0                __sinit
 .text.__sfp    0x0000000008008e08       0x7c /opt/st/stm32cubeide_1.5.1/plugins/com.st.stm32cube.ide.mcu.externaltools.gnu-tools-for-stm32.7-2018-q2-update.linux64_1.5.0.202011040924/tools/bin/../lib/gcc/arm-none-eabi/7.3.1/../../../../arm-none-eabi/lib/thumb/v6-m/libc_nano.a(lib_a-findfp.o)
                0x0000000008008e08                __sfp
 .text._fwalk_reent
                0x0000000008008e84       0x42 /opt/st/stm32cubeide_1.5.1/plugins/com.st.stm32cube.ide.mcu.externaltools.gnu-tools-for-stm32.7-2018-q2-update.linux64_1.5.0.202011040924/tools/bin/../lib/gcc/arm-none-eabi/7.3.1/../../../../arm-none-eabi/lib/thumb/v6-m/libc_nano.a(lib_a-fwalk.o)
                0x0000000008008e84                _fwalk_reent
 *fill*         0x0000000008008ec6        0x2 
 .text.__swhatbuf_r
                0x0000000008008ec8       0x50 /opt/st/stm32cubeide_1.5.1/plugins/com.st.stm32cube.ide.mcu.externaltools.gnu-tools-for-stm32.7-2018-q2-update.linux64_1.5.0.202011040924/tools/bin/../lib/gcc/arm-none-eabi/7.3.1/../../../../arm-none-eabi/lib/thumb/v6-m/libc_nano.a(lib_a-makebuf.o)
                0x0000000008008ec8                __swhatbuf_r
 .text.__smakebuf_r
                0x0000000008008f18       0x88 /opt/st/stm32cubeide_1.5.1/plugins/com.st.stm32cube.ide.mcu.externaltools.gnu-tools-for-stm32.7-2018-q2-update.linux64_1.5.0.202011040924/tools/bin/../lib/gcc/arm-none-eabi/7.3.1/../../../../arm-none-eabi/lib/thumb/v6-m/libc_nano.a(lib_a-makebuf.o)
                0x0000000008008f18                __smakebuf_r
 .text.memchr   0x0000000008008fa0       0x16 /opt/st/stm32cubeide_1.5.1/plugins/com.st.stm32cube.ide.mcu.externaltools.gnu-tools-for-stm32.7-2018-q2-update.linux64_1.5.0.202011040924/tools/bin/../lib/gcc/arm-none-eabi/7.3.1/../../../../arm-none-eabi/lib/thumb/v6-m/libc_nano.a(lib_a-memchr-stub.o)
                0x0000000008008fa0                memchr
 .text.__malloc_lock
                0x0000000008008fb6        0x2 /opt/st/stm32cubeide_1.5.1/plugins/com.st.stm32cube.ide.mcu.externaltools.gnu-tools-for-stm32.7-2018-q2-update.linux64_1.5.0.202011040924/tools/bin/../lib/gcc/arm-none-eabi/7.3.1/../../../../arm-none-eabi/lib/thumb/v6-m/libc_nano.a(lib_a-mlock.o)
                0x0000000008008fb6                __malloc_lock
 .text.__malloc_unlock
                0x0000000008008fb8        0x2 /opt/st/stm32cubeide_1.5.1/plugins/com.st.stm32cube.ide.mcu.externaltools.gnu-tools-for-stm32.7-2018-q2-update.linux64_1.5.0.202011040924/tools/bin/../lib/gcc/arm-none-eabi/7.3.1/../../../../arm-none-eabi/lib/thumb/v6-m/libc_nano.a(lib_a-mlock.o)
                0x0000000008008fb8                __malloc_unlock
 .text._raise_r
                0x0000000008008fba       0x54 /opt/st/stm32cubeide_1.5.1/plugins/com.st.stm32cube.ide.mcu.externaltools.gnu-tools-for-stm32.7-2018-q2-update.linux64_1.5.0.202011040924/tools/bin/../lib/gcc/arm-none-eabi/7.3.1/../../../../arm-none-eabi/lib/thumb/v6-m/libc_nano.a(lib_a-signal.o)
                0x0000000008008fba                _raise_r
 *fill*         0x000000000800900e        0x2 
 .text.raise    0x0000000008009010       0x14 /opt/st/stm32cubeide_1.5.1/plugins/com.st.stm32cube.ide.mcu.externaltools.gnu-tools-for-stm32.7-2018-q2-update.linux64_1.5.0.202011040924/tools/bin/../lib/gcc/arm-none-eabi/7.3.1/../../../../arm-none-eabi/lib/thumb/v6-m/libc_nano.a(lib_a-signal.o)
                0x0000000008009010                raise
 .text._kill_r  0x0000000008009024       0x24 /opt/st/stm32cubeide_1.5.1/plugins/com.st.stm32cube.ide.mcu.externaltools.gnu-tools-for-stm32.7-2018-q2-update.linux64_1.5.0.202011040924/tools/bin/../lib/gcc/arm-none-eabi/7.3.1/../../../../arm-none-eabi/lib/thumb/v6-m/libc_nano.a(lib_a-signalr.o)
                0x0000000008009024                _kill_r
 .text._getpid_r
                0x0000000008009048        0x8 /opt/st/stm32cubeide_1.5.1/plugins/com.st.stm32cube.ide.mcu.externaltools.gnu-tools-for-stm32.7-2018-q2-update.linux64_1.5.0.202011040924/tools/bin/../lib/gcc/arm-none-eabi/7.3.1/../../../../arm-none-eabi/lib/thumb/v6-m/libc_nano.a(lib_a-signalr.o)
                0x0000000008009048                _getpid_r
 .text.__sread  0x0000000008009050       0x28 /opt/st/stm32cubeide_1.5.1/plugins/com.st.stm32cube.ide.mcu.externaltools.gnu-tools-for-stm32.7-2018-q2-update.linux64_1.5.0.202011040924/tools/bin/../lib/gcc/arm-none-eabi/7.3.1/../../../../arm-none-eabi/lib/thumb/v6-m/libc_nano.a(lib_a-stdio.o)
                0x0000000008009050                __sread
 .text.__swrite
                0x0000000008009078       0x38 /opt/st/stm32cubeide_1.5.1/plugins/com.st.stm32cube.ide.mcu.externaltools.gnu-tools-for-stm32.7-2018-q2-update.linux64_1.5.0.202011040924/tools/bin/../lib/gcc/arm-none-eabi/7.3.1/../../../../arm-none-eabi/lib/thumb/v6-m/libc_nano.a(lib_a-stdio.o)
                0x0000000008009078                __swrite
 .text.__sseek  0x00000000080090b0       0x2c /opt/st/stm32cubeide_1.5.1/plugins/com.st.stm32cube.ide.mcu.externaltools.gnu-tools-for-stm32.7-2018-q2-update.linux64_1.5.0.202011040924/tools/bin/../lib/gcc/arm-none-eabi/7.3.1/../../../../arm-none-eabi/lib/thumb/v6-m/libc_nano.a(lib_a-stdio.o)
                0x00000000080090b0                __sseek
 .text.__sclose
                0x00000000080090dc        0xc /opt/st/stm32cubeide_1.5.1/plugins/com.st.stm32cube.ide.mcu.externaltools.gnu-tools-for-stm32.7-2018-q2-update.linux64_1.5.0.202011040924/tools/bin/../lib/gcc/arm-none-eabi/7.3.1/../../../../arm-none-eabi/lib/thumb/v6-m/libc_nano.a(lib_a-stdio.o)
                0x00000000080090dc                __sclose
 .text._write_r
                0x00000000080090e8       0x28 /opt/st/stm32cubeide_1.5.1/plugins/com.st.stm32cube.ide.mcu.externaltools.gnu-tools-for-stm32.7-2018-q2-update.linux64_1.5.0.202011040924/tools/bin/../lib/gcc/arm-none-eabi/7.3.1/../../../../arm-none-eabi/lib/thumb/v6-m/libc_nano.a(lib_a-writer.o)
                0x00000000080090e8                _write_r
 .text._close_r
                0x0000000008009110       0x24 /opt/st/stm32cubeide_1.5.1/plugins/com.st.stm32cube.ide.mcu.externaltools.gnu-tools-for-stm32.7-2018-q2-update.linux64_1.5.0.202011040924/tools/bin/../lib/gcc/arm-none-eabi/7.3.1/../../../../arm-none-eabi/lib/thumb/v6-m/libc_nano.a(lib_a-closer.o)
                0x0000000008009110                _close_r
 .text._fstat_r
                0x0000000008009134       0x24 /opt/st/stm32cubeide_1.5.1/plugins/com.st.stm32cube.ide.mcu.externaltools.gnu-tools-for-stm32.7-2018-q2-update.linux64_1.5.0.202011040924/tools/bin/../lib/gcc/arm-none-eabi/7.3.1/../../../../arm-none-eabi/lib/thumb/v6-m/libc_nano.a(lib_a-fstatr.o)
                0x0000000008009134                _fstat_r
 .text._isatty_r
                0x0000000008009158       0x24 /opt/st/stm32cubeide_1.5.1/plugins/com.st.stm32cube.ide.mcu.externaltools.gnu-tools-for-stm32.7-2018-q2-update.linux64_1.5.0.202011040924/tools/bin/../lib/gcc/arm-none-eabi/7.3.1/../../../../arm-none-eabi/lib/thumb/v6-m/libc_nano.a(lib_a-isattyr.o)
                0x0000000008009158                _isatty_r
 .text._lseek_r
                0x000000000800917c       0x28 /opt/st/stm32cubeide_1.5.1/plugins/com.st.stm32cube.ide.mcu.externaltools.gnu-tools-for-stm32.7-2018-q2-update.linux64_1.5.0.202011040924/tools/bin/../lib/gcc/arm-none-eabi/7.3.1/../../../../arm-none-eabi/lib/thumb/v6-m/libc_nano.a(lib_a-lseekr.o)
                0x000000000800917c                _lseek_r
 .text._read_r  0x00000000080091a4       0x28 /opt/st/stm32cubeide_1.5.1/plugins/com.st.stm32cube.ide.mcu.externaltools.gnu-tools-for-stm32.7-2018-q2-update.linux64_1.5.0.202011040924/tools/bin/../lib/gcc/arm-none-eabi/7.3.1/../../../../arm-none-eabi/lib/thumb/v6-m/libc_nano.a(lib_a-readr.o)
                0x00000000080091a4                _read_r
 *(.glue_7)
 .glue_7        0x00000000080091cc        0x0 linker stubs
 *(.glue_7t)
 .glue_7t       0x00000000080091cc        0x0 linker stubs
 *(.eh_frame)
 .eh_frame      0x00000000080091cc        0x0 /opt/st/stm32cubeide_1.5.1/plugins/com.st.stm32cube.ide.mcu.externaltools.gnu-tools-for-stm32.7-2018-q2-update.linux64_1.5.0.202011040924/tools/bin/../lib/gcc/arm-none-eabi/7.3.1/thumb/v6-m/crtbegin.o
 *(.init)
 .init          0x00000000080091cc        0x4 /opt/st/stm32cubeide_1.5.1/plugins/com.st.stm32cube.ide.mcu.externaltools.gnu-tools-for-stm32.7-2018-q2-update.linux64_1.5.0.202011040924/tools/bin/../lib/gcc/arm-none-eabi/7.3.1/thumb/v6-m/crti.o
                0x00000000080091cc                _init
 .init          0x00000000080091d0        0x8 /opt/st/stm32cubeide_1.5.1/plugins/com.st.stm32cube.ide.mcu.externaltools.gnu-tools-for-stm32.7-2018-q2-update.linux64_1.5.0.202011040924/tools/bin/../lib/gcc/arm-none-eabi/7.3.1/thumb/v6-m/crtn.o
 *(.fini)
 .fini          0x00000000080091d8        0x4 /opt/st/stm32cubeide_1.5.1/plugins/com.st.stm32cube.ide.mcu.externaltools.gnu-tools-for-stm32.7-2018-q2-update.linux64_1.5.0.202011040924/tools/bin/../lib/gcc/arm-none-eabi/7.3.1/thumb/v6-m/crti.o
                0x00000000080091d8                _fini
 .fini          0x00000000080091dc        0x8 /opt/st/stm32cubeide_1.5.1/plugins/com.st.stm32cube.ide.mcu.externaltools.gnu-tools-for-stm32.7-2018-q2-update.linux64_1.5.0.202011040924/tools/bin/../lib/gcc/arm-none-eabi/7.3.1/thumb/v6-m/crtn.o
 *fill*         0x00000000080091e4        0x4 
 .fini.__stub   0x00000000080091e8       0x10 linker stubs
                0x00000000080091f8                . = ALIGN (0x4)
                0x00000000080091f8                _etext = .

.vfp11_veneer   0x00000000080091f8        0x0
 .vfp11_veneer  0x00000000080091f8        0x0 linker stubs

.v4_bx          0x00000000080091f8        0x0
 .v4_bx         0x00000000080091f8        0x0 linker stubs

.iplt           0x00000000080091f8        0x0
 .iplt          0x00000000080091f8        0x0 /opt/st/stm32cubeide_1.5.1/plugins/com.st.stm32cube.ide.mcu.externaltools.gnu-tools-for-stm32.7-2018-q2-update.linux64_1.5.0.202011040924/tools/bin/../lib/gcc/arm-none-eabi/7.3.1/thumb/v6-m/crtbegin.o

.rodata         0x00000000080091f8      0x2e4
                0x00000000080091f8                . = ALIGN (0x4)
 *(.rodata)
 .rodata        0x00000000080091f8      0x12d Core/Src/rfm95.o
 *fill*         0x0000000008009325        0x3 
 .rodata        0x0000000008009328       0x30 Drivers/STM32G0xx_HAL_Driver/Src/stm32g0xx_hal_cryp.o
 *(.rodata*)
 .rodata.pInitVectAES
                0x0000000008009358       0x10 Core/Src/main.o
 .rodata.__func__.8301
                0x0000000008009368        0xb Core/Src/rfm95.o
 *fill*         0x0000000008009373        0x1 
 .rodata.AHBPrescTable
                0x0000000008009374       0x40 Core/Src/system_stm32g0xx.o
                0x0000000008009374                AHBPrescTable
 .rodata.HAL_TIM_PWM_ConfigChannel
                0x00000000080093b4       0x54 Drivers/STM32G0xx_HAL_Driver/Src/stm32g0xx_hal_tim.o
 .rodata.__assert_func.str1.1
                0x0000000008009408       0x3c /opt/st/stm32cubeide_1.5.1/plugins/com.st.stm32cube.ide.mcu.externaltools.gnu-tools-for-stm32.7-2018-q2-update.linux64_1.5.0.202011040924/tools/bin/../lib/gcc/arm-none-eabi/7.3.1/../../../../arm-none-eabi/lib/thumb/v6-m/libc_nano.a(lib_a-assert.o)
                                         0x3d (size before relaxing)
 .rodata._global_impure_ptr
                0x0000000008009444        0x4 /opt/st/stm32cubeide_1.5.1/plugins/com.st.stm32cube.ide.mcu.externaltools.gnu-tools-for-stm32.7-2018-q2-update.linux64_1.5.0.202011040924/tools/bin/../lib/gcc/arm-none-eabi/7.3.1/../../../../arm-none-eabi/lib/thumb/v6-m/libc_nano.a(lib_a-impure.o)
                0x0000000008009444                _global_impure_ptr
 .rodata._vfprintf_r.str1.1
                0x0000000008009448       0x11 /opt/st/stm32cubeide_1.5.1/plugins/com.st.stm32cube.ide.mcu.externaltools.gnu-tools-for-stm32.7-2018-q2-update.linux64_1.5.0.202011040924/tools/bin/../lib/gcc/arm-none-eabi/7.3.1/../../../../arm-none-eabi/lib/thumb/v6-m/libc_nano.a(lib_a-nano-vfprintf.o)
 .rodata._printf_i.str1.1
                0x0000000008009459       0x22 /opt/st/stm32cubeide_1.5.1/plugins/com.st.stm32cube.ide.mcu.externaltools.gnu-tools-for-stm32.7-2018-q2-update.linux64_1.5.0.202011040924/tools/bin/../lib/gcc/arm-none-eabi/7.3.1/../../../../arm-none-eabi/lib/thumb/v6-m/libc_nano.a(lib_a-nano-vfprintf_i.o)
 *fill*         0x000000000800947b        0x1 
 .rodata.__sf_fake_stderr
                0x000000000800947c       0x20 /opt/st/stm32cubeide_1.5.1/plugins/com.st.stm32cube.ide.mcu.externaltools.gnu-tools-for-stm32.7-2018-q2-update.linux64_1.5.0.202011040924/tools/bin/../lib/gcc/arm-none-eabi/7.3.1/../../../../arm-none-eabi/lib/thumb/v6-m/libc_nano.a(lib_a-findfp.o)
                0x000000000800947c                __sf_fake_stderr
 .rodata.__sf_fake_stdin
                0x000000000800949c       0x20 /opt/st/stm32cubeide_1.5.1/plugins/com.st.stm32cube.ide.mcu.externaltools.gnu-tools-for-stm32.7-2018-q2-update.linux64_1.5.0.202011040924/tools/bin/../lib/gcc/arm-none-eabi/7.3.1/../../../../arm-none-eabi/lib/thumb/v6-m/libc_nano.a(lib_a-findfp.o)
                0x000000000800949c                __sf_fake_stdin
 .rodata.__sf_fake_stdout
                0x00000000080094bc       0x20 /opt/st/stm32cubeide_1.5.1/plugins/com.st.stm32cube.ide.mcu.externaltools.gnu-tools-for-stm32.7-2018-q2-update.linux64_1.5.0.202011040924/tools/bin/../lib/gcc/arm-none-eabi/7.3.1/../../../../arm-none-eabi/lib/thumb/v6-m/libc_nano.a(lib_a-findfp.o)
                0x00000000080094bc                __sf_fake_stdout
                0x00000000080094dc                . = ALIGN (0x4)

.rel.dyn        0x00000000080094dc        0x0
 .rel.iplt      0x00000000080094dc        0x0 /opt/st/stm32cubeide_1.5.1/plugins/com.st.stm32cube.ide.mcu.externaltools.gnu-tools-for-stm32.7-2018-q2-update.linux64_1.5.0.202011040924/tools/bin/../lib/gcc/arm-none-eabi/7.3.1/thumb/v6-m/crtbegin.o

.ARM.extab      0x00000000080094dc        0x0
                0x00000000080094dc                . = ALIGN (0x4)
 *(.ARM.extab* .gnu.linkonce.armextab.*)
                0x00000000080094dc                . = ALIGN (0x4)

.ARM            0x00000000080094dc        0x0
                0x00000000080094dc                . = ALIGN (0x4)
                0x00000000080094dc                __exidx_start = .
 *(.ARM.exidx*)
                0x00000000080094dc                __exidx_end = .
                0x00000000080094dc                . = ALIGN (0x4)

.preinit_array  0x00000000080094dc        0x0
                0x00000000080094dc                . = ALIGN (0x4)
                0x00000000080094dc                PROVIDE (__preinit_array_start = .)
 *(.preinit_array*)
                0x00000000080094dc                PROVIDE (__preinit_array_end = .)
                0x00000000080094dc                . = ALIGN (0x4)

.init_array     0x00000000080094dc        0x4
                0x00000000080094dc                . = ALIGN (0x4)
                0x00000000080094dc                PROVIDE (__init_array_start = .)
 *(SORT_BY_NAME(.init_array.*))
 *(.init_array*)
 .init_array    0x00000000080094dc        0x4 /opt/st/stm32cubeide_1.5.1/plugins/com.st.stm32cube.ide.mcu.externaltools.gnu-tools-for-stm32.7-2018-q2-update.linux64_1.5.0.202011040924/tools/bin/../lib/gcc/arm-none-eabi/7.3.1/thumb/v6-m/crtbegin.o
                0x00000000080094e0                PROVIDE (__init_array_end = .)
                0x00000000080094e0                . = ALIGN (0x4)

.fini_array     0x00000000080094e0        0x4
                0x00000000080094e0                . = ALIGN (0x4)
                [!provide]                        PROVIDE (__fini_array_start = .)
 *(SORT_BY_NAME(.fini_array.*))
 *(.fini_array*)
 .fini_array    0x00000000080094e0        0x4 /opt/st/stm32cubeide_1.5.1/plugins/com.st.stm32cube.ide.mcu.externaltools.gnu-tools-for-stm32.7-2018-q2-update.linux64_1.5.0.202011040924/tools/bin/../lib/gcc/arm-none-eabi/7.3.1/thumb/v6-m/crtbegin.o
                [!provide]                        PROVIDE (__fini_array_end = .)
                0x00000000080094e4                . = ALIGN (0x4)
                0x00000000080094e4                _sidata = LOADADDR (.data)

.data           0x0000000020000000       0xf4 load address 0x00000000080094e4
                0x0000000020000000                . = ALIGN (0x4)
                0x0000000020000000                _sdata = .
 *(.data)
 *(.data*)
 .data.SystemCoreClock
                0x0000000020000000        0x4 Core/Src/system_stm32g0xx.o
                0x0000000020000000                SystemCoreClock
 .data.uwTickPrio
                0x0000000020000004        0x4 Drivers/STM32G0xx_HAL_Driver/Src/stm32g0xx_hal.o
                0x0000000020000004                uwTickPrio
 .data.uwTickFreq
                0x0000000020000008        0x1 Drivers/STM32G0xx_HAL_Driver/Src/stm32g0xx_hal.o
                0x0000000020000008                uwTickFreq
 *fill*         0x0000000020000009        0x3 
 .data._impure_ptr
                0x000000002000000c        0x4 /opt/st/stm32cubeide_1.5.1/plugins/com.st.stm32cube.ide.mcu.externaltools.gnu-tools-for-stm32.7-2018-q2-update.linux64_1.5.0.202011040924/tools/bin/../lib/gcc/arm-none-eabi/7.3.1/../../../../arm-none-eabi/lib/thumb/v6-m/libc_nano.a(lib_a-impure.o)
                0x000000002000000c                _impure_ptr
 .data.impure_data
                0x0000000020000010       0x60 /opt/st/stm32cubeide_1.5.1/plugins/com.st.stm32cube.ide.mcu.externaltools.gnu-tools-for-stm32.7-2018-q2-update.linux64_1.5.0.202011040924/tools/bin/../lib/gcc/arm-none-eabi/7.3.1/../../../../arm-none-eabi/lib/thumb/v6-m/libc_nano.a(lib_a-impure.o)
 *(.RamFunc)
 .RamFunc       0x0000000020000070       0x84 Drivers/STM32G0xx_HAL_Driver/Src/stm32g0xx_hal_flash.o
 *(.RamFunc*)
                0x00000000200000f4                . = ALIGN (0x4)
                0x00000000200000f4                _edata = .

.igot.plt       0x00000000200000f4        0x0 load address 0x00000000080095d8
 .igot.plt      0x00000000200000f4        0x0 /opt/st/stm32cubeide_1.5.1/plugins/com.st.stm32cube.ide.mcu.externaltools.gnu-tools-for-stm32.7-2018-q2-update.linux64_1.5.0.202011040924/tools/bin/../lib/gcc/arm-none-eabi/7.3.1/thumb/v6-m/crtbegin.o
                0x00000000200000f4                . = ALIGN (0x4)

.bss            0x00000000200000f8      0x794 load address 0x00000000080095d8
                0x00000000200000f8                _sbss = .
                0x00000000200000f8                __bss_start__ = _sbss
 *(.bss)
 .bss           0x00000000200000f8       0x1c /opt/st/stm32cubeide_1.5.1/plugins/com.st.stm32cube.ide.mcu.externaltools.gnu-tools-for-stm32.7-2018-q2-update.linux64_1.5.0.202011040924/tools/bin/../lib/gcc/arm-none-eabi/7.3.1/thumb/v6-m/crtbegin.o
 *(.bss*)
 .bss.pKeyAES   0x0000000020000114       0x10 Core/Src/main.o
                0x0000000020000114                pKeyAES
 .bss.deviceSeqs
                0x0000000020000124      0x400 Core/Src/main.o
                0x0000000020000124                deviceSeqs
 .bss.__sbrk_heap_end
                0x0000000020000524        0x4 Core/Src/sysmem.o
 .bss.pFlash    0x0000000020000528       0x1c Drivers/STM32G0xx_HAL_Driver/Src/stm32g0xx_hal_flash.o
                0x0000000020000528                pFlash
 .bss.__malloc_free_list
                0x0000000020000544        0x4 /opt/st/stm32cubeide_1.5.1/plugins/com.st.stm32cube.ide.mcu.externaltools.gnu-tools-for-stm32.7-2018-q2-update.linux64_1.5.0.202011040924/tools/bin/../lib/gcc/arm-none-eabi/7.3.1/../../../../arm-none-eabi/lib/thumb/v6-m/libc_nano.a(lib_a-nano-mallocr.o)
                0x0000000020000544                __malloc_free_list
 .bss.__malloc_sbrk_start
                0x0000000020000548        0x4 /opt/st/stm32cubeide_1.5.1/plugins/com.st.stm32cube.ide.mcu.externaltools.gnu-tools-for-stm32.7-2018-q2-update.linux64_1.5.0.202011040924/tools/bin/../lib/gcc/arm-none-eabi/7.3.1/../../../../arm-none-eabi/lib/thumb/v6-m/libc_nano.a(lib_a-nano-mallocr.o)
                0x0000000020000548                __malloc_sbrk_start
 *(COMMON)
 *fill*         0x000000002000054c        0x4 
 COMMON         0x0000000020000550      0x332 Core/Src/main.o
                0x0000000020000550                hcrc
                0x0000000020000578                playback
                0x0000000020000588                EraseInitStruct
                0x0000000020000598                radio
                0x00000000200005c0                handle
                0x00000000200005c4                htim1
                0x0000000020000610                recording
                0x0000000020000620                hrng
                0x0000000020000634                hspi1
                0x0000000020000698                aKeys
                0x000000002000071c                htim16
                0x0000000020000768                hcryp
                0x0000000020000874                outgoing
 *fill*         0x0000000020000882        0x2 
 COMMON         0x0000000020000884        0x4 Drivers/STM32G0xx_HAL_Driver/Src/stm32g0xx_hal.o
                0x0000000020000884                uwTick
 COMMON         0x0000000020000888        0x4 /opt/st/stm32cubeide_1.5.1/plugins/com.st.stm32cube.ide.mcu.externaltools.gnu-tools-for-stm32.7-2018-q2-update.linux64_1.5.0.202011040924/tools/bin/../lib/gcc/arm-none-eabi/7.3.1/../../../../arm-none-eabi/lib/thumb/v6-m/libc_nano.a(lib_a-reent.o)
                0x0000000020000888                errno
                0x000000002000088c                . = ALIGN (0x4)
                0x000000002000088c                _ebss = .
                0x000000002000088c                __bss_end__ = _ebss

._user_heap_stack
                0x000000002000088c      0x604 load address 0x00000000080095d8
                0x0000000020000890                . = ALIGN (0x8)
 *fill*         0x000000002000088c        0x4 
                [!provide]                        PROVIDE (end = .)
                0x0000000020000890                PROVIDE (_end = .)
                0x0000000020000a90                . = (. + _Min_Heap_Size)
 *fill*         0x0000000020000890      0x200 
                0x0000000020000e90                . = (. + _Min_Stack_Size)
 *fill*         0x0000000020000a90      0x400 
                0x0000000020000e90                . = ALIGN (0x8)

/DISCARD/
 libc.a(*)
 libm.a(*)
 libgcc.a(*)

.ARM.attributes
                0x0000000000000000       0x28
 *(.ARM.attributes)
 .ARM.attributes
                0x0000000000000000       0x1e /opt/st/stm32cubeide_1.5.1/plugins/com.st.stm32cube.ide.mcu.externaltools.gnu-tools-for-stm32.7-2018-q2-update.linux64_1.5.0.202011040924/tools/bin/../lib/gcc/arm-none-eabi/7.3.1/thumb/v6-m/crti.o
 .ARM.attributes
                0x000000000000001e       0x2c /opt/st/stm32cubeide_1.5.1/plugins/com.st.stm32cube.ide.mcu.externaltools.gnu-tools-for-stm32.7-2018-q2-update.linux64_1.5.0.202011040924/tools/bin/../lib/gcc/arm-none-eabi/7.3.1/thumb/v6-m/crtbegin.o
 .ARM.attributes
                0x000000000000004a       0x32 Core/Src/main.o
 .ARM.attributes
                0x000000000000007c       0x32 Core/Src/rfm95.o
 .ARM.attributes
                0x00000000000000ae       0x32 Core/Src/stm32g0xx_hal_msp.o
 .ARM.attributes
                0x00000000000000e0       0x32 Core/Src/stm32g0xx_it.o
 .ARM.attributes
                0x0000000000000112       0x32 Core/Src/syscalls.o
 .ARM.attributes
                0x0000000000000144       0x32 Core/Src/sysmem.o
 .ARM.attributes
                0x0000000000000176       0x32 Core/Src/system_stm32g0xx.o
 .ARM.attributes
                0x00000000000001a8       0x22 Core/Startup/startup_stm32g081rbtx.o
 .ARM.attributes
                0x00000000000001ca       0x32 Drivers/STM32G0xx_HAL_Driver/Src/stm32g0xx_hal.o
 .ARM.attributes
                0x00000000000001fc       0x32 Drivers/STM32G0xx_HAL_Driver/Src/stm32g0xx_hal_cortex.o
 .ARM.attributes
                0x000000000000022e       0x32 Drivers/STM32G0xx_HAL_Driver/Src/stm32g0xx_hal_crc.o
 .ARM.attributes
                0x0000000000000260       0x32 Drivers/STM32G0xx_HAL_Driver/Src/stm32g0xx_hal_crc_ex.o
 .ARM.attributes
                0x0000000000000292       0x32 Drivers/STM32G0xx_HAL_Driver/Src/stm32g0xx_hal_cryp.o
 .ARM.attributes
                0x00000000000002c4       0x32 Drivers/STM32G0xx_HAL_Driver/Src/stm32g0xx_hal_flash.o
 .ARM.attributes
                0x00000000000002f6       0x32 Drivers/STM32G0xx_HAL_Driver/Src/stm32g0xx_hal_flash_ex.o
 .ARM.attributes
                0x0000000000000328       0x32 Drivers/STM32G0xx_HAL_Driver/Src/stm32g0xx_hal_gpio.o
 .ARM.attributes
                0x000000000000035a       0x32 Drivers/STM32G0xx_HAL_Driver/Src/stm32g0xx_hal_pwr_ex.o
 .ARM.attributes
                0x000000000000038c       0x32 Drivers/STM32G0xx_HAL_Driver/Src/stm32g0xx_hal_rcc.o
 .ARM.attributes
                0x00000000000003be       0x32 Drivers/STM32G0xx_HAL_Driver/Src/stm32g0xx_hal_rcc_ex.o
 .ARM.attributes
                0x00000000000003f0       0x32 Drivers/STM32G0xx_HAL_Driver/Src/stm32g0xx_hal_rng.o
 .ARM.attributes
                0x0000000000000422       0x32 Drivers/STM32G0xx_HAL_Driver/Src/stm32g0xx_hal_spi.o
 .ARM.attributes
                0x0000000000000454       0x32 Drivers/STM32G0xx_HAL_Driver/Src/stm32g0xx_hal_tim.o
 .ARM.attributes
                0x0000000000000486       0x32 Drivers/STM32G0xx_HAL_Driver/Src/stm32g0xx_hal_tim_ex.o
 .ARM.attributes
                0x00000000000004b8       0x32 /home/braedensmith/Downloads/patch_x-cube-cryptolib-3.1.3/STM32CubeExpansion_Crypto_V3.1.0/STM32G0/Middlewares/ST/STM32_Cryptographic/Lib/libSTM32CryptographicV3.1.3_CM0PLUS_GCC_ot.a(crypto.o)
 .ARM.attributes
                0x00000000000004ea       0x2c /opt/st/stm32cubeide_1.5.1/plugins/com.st.stm32cube.ide.mcu.externaltools.gnu-tools-for-stm32.7-2018-q2-update.linux64_1.5.0.202011040924/tools/bin/../lib/gcc/arm-none-eabi/7.3.1/../../../../arm-none-eabi/lib/thumb/v6-m/libc_nano.a(lib_a-assert.o)
 .ARM.attributes
                0x0000000000000516       0x2c /opt/st/stm32cubeide_1.5.1/plugins/com.st.stm32cube.ide.mcu.externaltools.gnu-tools-for-stm32.7-2018-q2-update.linux64_1.5.0.202011040924/tools/bin/../lib/gcc/arm-none-eabi/7.3.1/../../../../arm-none-eabi/lib/thumb/v6-m/libc_nano.a(lib_a-calloc.o)
 .ARM.attributes
                0x0000000000000542       0x2c /opt/st/stm32cubeide_1.5.1/plugins/com.st.stm32cube.ide.mcu.externaltools.gnu-tools-for-stm32.7-2018-q2-update.linux64_1.5.0.202011040924/tools/bin/../lib/gcc/arm-none-eabi/7.3.1/../../../../arm-none-eabi/lib/thumb/v6-m/libc_nano.a(lib_a-errno.o)
 .ARM.attributes
                0x000000000000056e       0x2c /opt/st/stm32cubeide_1.5.1/plugins/com.st.stm32cube.ide.mcu.externaltools.gnu-tools-for-stm32.7-2018-q2-update.linux64_1.5.0.202011040924/tools/bin/../lib/gcc/arm-none-eabi/7.3.1/../../../../arm-none-eabi/lib/thumb/v6-m/libc_nano.a(lib_a-fprintf.o)
 .ARM.attributes
                0x000000000000059a       0x2c /opt/st/stm32cubeide_1.5.1/plugins/com.st.stm32cube.ide.mcu.externaltools.gnu-tools-for-stm32.7-2018-q2-update.linux64_1.5.0.202011040924/tools/bin/../lib/gcc/arm-none-eabi/7.3.1/../../../../arm-none-eabi/lib/thumb/v6-m/libc_nano.a(lib_a-impure.o)
 .ARM.attributes
                0x00000000000005c6       0x2c /opt/st/stm32cubeide_1.5.1/plugins/com.st.stm32cube.ide.mcu.externaltools.gnu-tools-for-stm32.7-2018-q2-update.linux64_1.5.0.202011040924/tools/bin/../lib/gcc/arm-none-eabi/7.3.1/../../../../arm-none-eabi/lib/thumb/v6-m/libc_nano.a(lib_a-init.o)
 .ARM.attributes
                0x00000000000005f2       0x2c /opt/st/stm32cubeide_1.5.1/plugins/com.st.stm32cube.ide.mcu.externaltools.gnu-tools-for-stm32.7-2018-q2-update.linux64_1.5.0.202011040924/tools/bin/../lib/gcc/arm-none-eabi/7.3.1/../../../../arm-none-eabi/lib/thumb/v6-m/libc_nano.a(lib_a-malloc.o)
 .ARM.attributes
                0x000000000000061e       0x2c /opt/st/stm32cubeide_1.5.1/plugins/com.st.stm32cube.ide.mcu.externaltools.gnu-tools-for-stm32.7-2018-q2-update.linux64_1.5.0.202011040924/tools/bin/../lib/gcc/arm-none-eabi/7.3.1/../../../../arm-none-eabi/lib/thumb/v6-m/libc_nano.a(lib_a-memcpy-stub.o)
 .ARM.attributes
                0x000000000000064a       0x2c /opt/st/stm32cubeide_1.5.1/plugins/com.st.stm32cube.ide.mcu.externaltools.gnu-tools-for-stm32.7-2018-q2-update.linux64_1.5.0.202011040924/tools/bin/../lib/gcc/arm-none-eabi/7.3.1/../../../../arm-none-eabi/lib/thumb/v6-m/libc_nano.a(lib_a-memset.o)
 .ARM.attributes
                0x0000000000000676       0x2c /opt/st/stm32cubeide_1.5.1/plugins/com.st.stm32cube.ide.mcu.externaltools.gnu-tools-for-stm32.7-2018-q2-update.linux64_1.5.0.202011040924/tools/bin/../lib/gcc/arm-none-eabi/7.3.1/../../../../arm-none-eabi/lib/thumb/v6-m/libc_nano.a(lib_a-nano-callocr.o)
 .ARM.attributes
                0x00000000000006a2       0x2c /opt/st/stm32cubeide_1.5.1/plugins/com.st.stm32cube.ide.mcu.externaltools.gnu-tools-for-stm32.7-2018-q2-update.linux64_1.5.0.202011040924/tools/bin/../lib/gcc/arm-none-eabi/7.3.1/../../../../arm-none-eabi/lib/thumb/v6-m/libc_nano.a(lib_a-nano-freer.o)
 .ARM.attributes
                0x00000000000006ce       0x2c /opt/st/stm32cubeide_1.5.1/plugins/com.st.stm32cube.ide.mcu.externaltools.gnu-tools-for-stm32.7-2018-q2-update.linux64_1.5.0.202011040924/tools/bin/../lib/gcc/arm-none-eabi/7.3.1/../../../../arm-none-eabi/lib/thumb/v6-m/libc_nano.a(lib_a-nano-mallocr.o)
 .ARM.attributes
                0x00000000000006fa       0x2c /opt/st/stm32cubeide_1.5.1/plugins/com.st.stm32cube.ide.mcu.externaltools.gnu-tools-for-stm32.7-2018-q2-update.linux64_1.5.0.202011040924/tools/bin/../lib/gcc/arm-none-eabi/7.3.1/../../../../arm-none-eabi/lib/thumb/v6-m/libc_nano.a(lib_a-nano-vfprintf.o)
 .ARM.attributes
                0x0000000000000726       0x2c /opt/st/stm32cubeide_1.5.1/plugins/com.st.stm32cube.ide.mcu.externaltools.gnu-tools-for-stm32.7-2018-q2-update.linux64_1.5.0.202011040924/tools/bin/../lib/gcc/arm-none-eabi/7.3.1/../../../../arm-none-eabi/lib/thumb/v6-m/libc_nano.a(lib_a-nano-vfprintf_i.o)
 .ARM.attributes
                0x0000000000000752       0x2c /opt/st/stm32cubeide_1.5.1/plugins/com.st.stm32cube.ide.mcu.externaltools.gnu-tools-for-stm32.7-2018-q2-update.linux64_1.5.0.202011040924/tools/bin/../lib/gcc/arm-none-eabi/7.3.1/../../../../arm-none-eabi/lib/thumb/v6-m/libc_nano.a(lib_a-sbrkr.o)
 .ARM.attributes
                0x000000000000077e       0x2c /opt/st/stm32cubeide_1.5.1/plugins/com.st.stm32cube.ide.mcu.externaltools.gnu-tools-for-stm32.7-2018-q2-update.linux64_1.5.0.202011040924/tools/bin/../lib/gcc/arm-none-eabi/7.3.1/../../../../arm-none-eabi/lib/thumb/v6-m/libc_nano.a(lib_a-wbuf.o)
 .ARM.attributes
                0x00000000000007aa       0x2c /opt/st/stm32cubeide_1.5.1/plugins/com.st.stm32cube.ide.mcu.externaltools.gnu-tools-for-stm32.7-2018-q2-update.linux64_1.5.0.202011040924/tools/bin/../lib/gcc/arm-none-eabi/7.3.1/../../../../arm-none-eabi/lib/thumb/v6-m/libc_nano.a(lib_a-wsetup.o)
 .ARM.attributes
                0x00000000000007d6       0x2c /opt/st/stm32cubeide_1.5.1/plugins/com.st.stm32cube.ide.mcu.externaltools.gnu-tools-for-stm32.7-2018-q2-update.linux64_1.5.0.202011040924/tools/bin/../lib/gcc/arm-none-eabi/7.3.1/../../../../arm-none-eabi/lib/thumb/v6-m/libc_nano.a(lib_a-abort.o)
 .ARM.attributes
                0x0000000000000802       0x2c /opt/st/stm32cubeide_1.5.1/plugins/com.st.stm32cube.ide.mcu.externaltools.gnu-tools-for-stm32.7-2018-q2-update.linux64_1.5.0.202011040924/tools/bin/../lib/gcc/arm-none-eabi/7.3.1/../../../../arm-none-eabi/lib/thumb/v6-m/libc_nano.a(lib_a-fflush.o)
 .ARM.attributes
                0x000000000000082e       0x2c /opt/st/stm32cubeide_1.5.1/plugins/com.st.stm32cube.ide.mcu.externaltools.gnu-tools-for-stm32.7-2018-q2-update.linux64_1.5.0.202011040924/tools/bin/../lib/gcc/arm-none-eabi/7.3.1/../../../../arm-none-eabi/lib/thumb/v6-m/libc_nano.a(lib_a-findfp.o)
 .ARM.attributes
                0x000000000000085a       0x2c /opt/st/stm32cubeide_1.5.1/plugins/com.st.stm32cube.ide.mcu.externaltools.gnu-tools-for-stm32.7-2018-q2-update.linux64_1.5.0.202011040924/tools/bin/../lib/gcc/arm-none-eabi/7.3.1/../../../../arm-none-eabi/lib/thumb/v6-m/libc_nano.a(lib_a-fwalk.o)
 .ARM.attributes
                0x0000000000000886       0x2c /opt/st/stm32cubeide_1.5.1/plugins/com.st.stm32cube.ide.mcu.externaltools.gnu-tools-for-stm32.7-2018-q2-update.linux64_1.5.0.202011040924/tools/bin/../lib/gcc/arm-none-eabi/7.3.1/../../../../arm-none-eabi/lib/thumb/v6-m/libc_nano.a(lib_a-makebuf.o)
 .ARM.attributes
                0x00000000000008b2       0x2c /opt/st/stm32cubeide_1.5.1/plugins/com.st.stm32cube.ide.mcu.externaltools.gnu-tools-for-stm32.7-2018-q2-update.linux64_1.5.0.202011040924/tools/bin/../lib/gcc/arm-none-eabi/7.3.1/../../../../arm-none-eabi/lib/thumb/v6-m/libc_nano.a(lib_a-memchr-stub.o)
 .ARM.attributes
                0x00000000000008de       0x2c /opt/st/stm32cubeide_1.5.1/plugins/com.st.stm32cube.ide.mcu.externaltools.gnu-tools-for-stm32.7-2018-q2-update.linux64_1.5.0.202011040924/tools/bin/../lib/gcc/arm-none-eabi/7.3.1/../../../../arm-none-eabi/lib/thumb/v6-m/libc_nano.a(lib_a-mlock.o)
 .ARM.attributes
                0x000000000000090a       0x2c /opt/st/stm32cubeide_1.5.1/plugins/com.st.stm32cube.ide.mcu.externaltools.gnu-tools-for-stm32.7-2018-q2-update.linux64_1.5.0.202011040924/tools/bin/../lib/gcc/arm-none-eabi/7.3.1/../../../../arm-none-eabi/lib/thumb/v6-m/libc_nano.a(lib_a-reent.o)
 .ARM.attributes
                0x0000000000000936       0x2c /opt/st/stm32cubeide_1.5.1/plugins/com.st.stm32cube.ide.mcu.externaltools.gnu-tools-for-stm32.7-2018-q2-update.linux64_1.5.0.202011040924/tools/bin/../lib/gcc/arm-none-eabi/7.3.1/../../../../arm-none-eabi/lib/thumb/v6-m/libc_nano.a(lib_a-signal.o)
 .ARM.attributes
                0x0000000000000962       0x2c /opt/st/stm32cubeide_1.5.1/plugins/com.st.stm32cube.ide.mcu.externaltools.gnu-tools-for-stm32.7-2018-q2-update.linux64_1.5.0.202011040924/tools/bin/../lib/gcc/arm-none-eabi/7.3.1/../../../../arm-none-eabi/lib/thumb/v6-m/libc_nano.a(lib_a-signalr.o)
 .ARM.attributes
                0x000000000000098e       0x2c /opt/st/stm32cubeide_1.5.1/plugins/com.st.stm32cube.ide.mcu.externaltools.gnu-tools-for-stm32.7-2018-q2-update.linux64_1.5.0.202011040924/tools/bin/../lib/gcc/arm-none-eabi/7.3.1/../../../../arm-none-eabi/lib/thumb/v6-m/libc_nano.a(lib_a-stdio.o)
 .ARM.attributes
                0x00000000000009ba       0x2c /opt/st/stm32cubeide_1.5.1/plugins/com.st.stm32cube.ide.mcu.externaltools.gnu-tools-for-stm32.7-2018-q2-update.linux64_1.5.0.202011040924/tools/bin/../lib/gcc/arm-none-eabi/7.3.1/../../../../arm-none-eabi/lib/thumb/v6-m/libc_nano.a(lib_a-writer.o)
 .ARM.attributes
                0x00000000000009e6       0x2c /opt/st/stm32cubeide_1.5.1/plugins/com.st.stm32cube.ide.mcu.externaltools.gnu-tools-for-stm32.7-2018-q2-update.linux64_1.5.0.202011040924/tools/bin/../lib/gcc/arm-none-eabi/7.3.1/../../../../arm-none-eabi/lib/thumb/v6-m/libc_nano.a(lib_a-closer.o)
 .ARM.attributes
                0x0000000000000a12       0x2c /opt/st/stm32cubeide_1.5.1/plugins/com.st.stm32cube.ide.mcu.externaltools.gnu-tools-for-stm32.7-2018-q2-update.linux64_1.5.0.202011040924/tools/bin/../lib/gcc/arm-none-eabi/7.3.1/../../../../arm-none-eabi/lib/thumb/v6-m/libc_nano.a(lib_a-fstatr.o)
 .ARM.attributes
                0x0000000000000a3e       0x2c /opt/st/stm32cubeide_1.5.1/plugins/com.st.stm32cube.ide.mcu.externaltools.gnu-tools-for-stm32.7-2018-q2-update.linux64_1.5.0.202011040924/tools/bin/../lib/gcc/arm-none-eabi/7.3.1/../../../../arm-none-eabi/lib/thumb/v6-m/libc_nano.a(lib_a-isattyr.o)
 .ARM.attributes
                0x0000000000000a6a       0x2c /opt/st/stm32cubeide_1.5.1/plugins/com.st.stm32cube.ide.mcu.externaltools.gnu-tools-for-stm32.7-2018-q2-update.linux64_1.5.0.202011040924/tools/bin/../lib/gcc/arm-none-eabi/7.3.1/../../../../arm-none-eabi/lib/thumb/v6-m/libc_nano.a(lib_a-lseekr.o)
 .ARM.attributes
                0x0000000000000a96       0x2c /opt/st/stm32cubeide_1.5.1/plugins/com.st.stm32cube.ide.mcu.externaltools.gnu-tools-for-stm32.7-2018-q2-update.linux64_1.5.0.202011040924/tools/bin/../lib/gcc/arm-none-eabi/7.3.1/../../../../arm-none-eabi/lib/thumb/v6-m/libc_nano.a(lib_a-readr.o)
 .ARM.attributes
                0x0000000000000ac2       0x1e /opt/st/stm32cubeide_1.5.1/plugins/com.st.stm32cube.ide.mcu.externaltools.gnu-tools-for-stm32.7-2018-q2-update.linux64_1.5.0.202011040924/tools/bin/../lib/gcc/arm-none-eabi/7.3.1/thumb/v6-m/libgcc.a(_udivsi3.o)
 .ARM.attributes
                0x0000000000000ae0       0x1e /opt/st/stm32cubeide_1.5.1/plugins/com.st.stm32cube.ide.mcu.externaltools.gnu-tools-for-stm32.7-2018-q2-update.linux64_1.5.0.202011040924/tools/bin/../lib/gcc/arm-none-eabi/7.3.1/thumb/v6-m/libgcc.a(_dvmd_tls.o)
 .ARM.attributes
                0x0000000000000afe       0x2c /opt/st/stm32cubeide_1.5.1/plugins/com.st.stm32cube.ide.mcu.externaltools.gnu-tools-for-stm32.7-2018-q2-update.linux64_1.5.0.202011040924/tools/bin/../lib/gcc/arm-none-eabi/7.3.1/thumb/v6-m/libgcc.a(_muldi3.o)
 .ARM.attributes
                0x0000000000000b2a       0x1e /opt/st/stm32cubeide_1.5.1/plugins/com.st.stm32cube.ide.mcu.externaltools.gnu-tools-for-stm32.7-2018-q2-update.linux64_1.5.0.202011040924/tools/bin/../lib/gcc/arm-none-eabi/7.3.1/thumb/v6-m/crtn.o
OUTPUT(covert.elf elf32-littlearm)

.debug_info     0x0000000000000000    0x149af
 .debug_info    0x0000000000000000     0x289e Core/Src/main.o
 .debug_info    0x000000000000289e     0x14d0 Core/Src/rfm95.o
 .debug_info    0x0000000000003d6e     0x17df Core/Src/stm32g0xx_hal_msp.o
 .debug_info    0x000000000000554d      0x8f0 Core/Src/stm32g0xx_it.o
 .debug_info    0x0000000000005e3d      0xebd Core/Src/syscalls.o
 .debug_info    0x0000000000006cfa      0x985 Core/Src/sysmem.o
 .debug_info    0x000000000000767f      0x4b2 Core/Src/system_stm32g0xx.o
 .debug_info    0x0000000000007b31       0x22 Core/Startup/startup_stm32g081rbtx.o
 .debug_info    0x0000000000007b53      0xaa4 Drivers/STM32G0xx_HAL_Driver/Src/stm32g0xx_hal.o
 .debug_info    0x00000000000085f7      0x9df Drivers/STM32G0xx_HAL_Driver/Src/stm32g0xx_hal_cortex.o
 .debug_info    0x0000000000008fd6      0x630 Drivers/STM32G0xx_HAL_Driver/Src/stm32g0xx_hal_crc.o
 .debug_info    0x0000000000009606      0x464 Drivers/STM32G0xx_HAL_Driver/Src/stm32g0xx_hal_crc_ex.o
 .debug_info    0x0000000000009a6a     0x1ba4 Drivers/STM32G0xx_HAL_Driver/Src/stm32g0xx_hal_cryp.o
 .debug_info    0x000000000000b60e      0x6f6 Drivers/STM32G0xx_HAL_Driver/Src/stm32g0xx_hal_flash.o
 .debug_info    0x000000000000bd04      0x9a6 Drivers/STM32G0xx_HAL_Driver/Src/stm32g0xx_hal_flash_ex.o
 .debug_info    0x000000000000c6aa      0x70c Drivers/STM32G0xx_HAL_Driver/Src/stm32g0xx_hal_gpio.o
 .debug_info    0x000000000000cdb6      0x8c7 Drivers/STM32G0xx_HAL_Driver/Src/stm32g0xx_hal_pwr_ex.o
 .debug_info    0x000000000000d67d      0xb2f Drivers/STM32G0xx_HAL_Driver/Src/stm32g0xx_hal_rcc.o
 .debug_info    0x000000000000e1ac      0x8bd Drivers/STM32G0xx_HAL_Driver/Src/stm32g0xx_hal_rcc_ex.o
 .debug_info    0x000000000000ea69      0x596 Drivers/STM32G0xx_HAL_Driver/Src/stm32g0xx_hal_rng.o
 .debug_info    0x000000000000efff     0x17b6 Drivers/STM32G0xx_HAL_Driver/Src/stm32g0xx_hal_spi.o
 .debug_info    0x00000000000107b5     0x2a6e Drivers/STM32G0xx_HAL_Driver/Src/stm32g0xx_hal_tim.o
 .debug_info    0x0000000000013223     0x178c Drivers/STM32G0xx_HAL_Driver/Src/stm32g0xx_hal_tim_ex.o

.debug_abbrev   0x0000000000000000     0x2e06
 .debug_abbrev  0x0000000000000000      0x33d Core/Src/main.o
 .debug_abbrev  0x000000000000033d      0x2a3 Core/Src/rfm95.o
 .debug_abbrev  0x00000000000005e0      0x22e Core/Src/stm32g0xx_hal_msp.o
 .debug_abbrev  0x000000000000080e      0x178 Core/Src/stm32g0xx_it.o
 .debug_abbrev  0x0000000000000986      0x261 Core/Src/syscalls.o
 .debug_abbrev  0x0000000000000be7      0x19b Core/Src/sysmem.o
 .debug_abbrev  0x0000000000000d82      0x147 Core/Src/system_stm32g0xx.o
 .debug_abbrev  0x0000000000000ec9       0x12 Core/Startup/startup_stm32g081rbtx.o
 .debug_abbrev  0x0000000000000edb      0x242 Drivers/STM32G0xx_HAL_Driver/Src/stm32g0xx_hal.o
 .debug_abbrev  0x000000000000111d      0x28b Drivers/STM32G0xx_HAL_Driver/Src/stm32g0xx_hal_cortex.o
 .debug_abbrev  0x00000000000013a8      0x1b7 Drivers/STM32G0xx_HAL_Driver/Src/stm32g0xx_hal_crc.o
 .debug_abbrev  0x000000000000155f      0x13c Drivers/STM32G0xx_HAL_Driver/Src/stm32g0xx_hal_crc_ex.o
 .debug_abbrev  0x000000000000169b      0x259 Drivers/STM32G0xx_HAL_Driver/Src/stm32g0xx_hal_cryp.o
 .debug_abbrev  0x00000000000018f4      0x2a2 Drivers/STM32G0xx_HAL_Driver/Src/stm32g0xx_hal_flash.o
 .debug_abbrev  0x0000000000001b96      0x228 Drivers/STM32G0xx_HAL_Driver/Src/stm32g0xx_hal_flash_ex.o
 .debug_abbrev  0x0000000000001dbe      0x1b7 Drivers/STM32G0xx_HAL_Driver/Src/stm32g0xx_hal_gpio.o
 .debug_abbrev  0x0000000000001f75      0x217 Drivers/STM32G0xx_HAL_Driver/Src/stm32g0xx_hal_pwr_ex.o
 .debug_abbrev  0x000000000000218c      0x211 Drivers/STM32G0xx_HAL_Driver/Src/stm32g0xx_hal_rcc.o
 .debug_abbrev  0x000000000000239d      0x1d4 Drivers/STM32G0xx_HAL_Driver/Src/stm32g0xx_hal_rcc_ex.o
 .debug_abbrev  0x0000000000002571      0x1cb Drivers/STM32G0xx_HAL_Driver/Src/stm32g0xx_hal_rng.o
 .debug_abbrev  0x000000000000273c      0x237 Drivers/STM32G0xx_HAL_Driver/Src/stm32g0xx_hal_spi.o
 .debug_abbrev  0x0000000000002973      0x24e Drivers/STM32G0xx_HAL_Driver/Src/stm32g0xx_hal_tim.o
 .debug_abbrev  0x0000000000002bc1      0x245 Drivers/STM32G0xx_HAL_Driver/Src/stm32g0xx_hal_tim_ex.o

.debug_aranges  0x0000000000000000     0x1278
 .debug_aranges
                0x0000000000000000       0x98 Core/Src/main.o
 .debug_aranges
                0x0000000000000098       0x50 Core/Src/rfm95.o
 .debug_aranges
                0x00000000000000e8       0x88 Core/Src/stm32g0xx_hal_msp.o
 .debug_aranges
                0x0000000000000170       0x58 Core/Src/stm32g0xx_it.o
 .debug_aranges
                0x00000000000001c8       0xa8 Core/Src/syscalls.o
 .debug_aranges
                0x0000000000000270       0x20 Core/Src/sysmem.o
 .debug_aranges
                0x0000000000000290       0x28 Core/Src/system_stm32g0xx.o
 .debug_aranges
                0x00000000000002b8       0x28 Core/Startup/startup_stm32g081rbtx.o
 .debug_aranges
                0x00000000000002e0      0x120 Drivers/STM32G0xx_HAL_Driver/Src/stm32g0xx_hal.o
 .debug_aranges
                0x0000000000000400       0xd8 Drivers/STM32G0xx_HAL_Driver/Src/stm32g0xx_hal_cortex.o
 .debug_aranges
                0x00000000000004d8       0x60 Drivers/STM32G0xx_HAL_Driver/Src/stm32g0xx_hal_crc.o
 .debug_aranges
                0x0000000000000538       0x30 Drivers/STM32G0xx_HAL_Driver/Src/stm32g0xx_hal_crc_ex.o
 .debug_aranges
                0x0000000000000568      0x1c8 Drivers/STM32G0xx_HAL_Driver/Src/stm32g0xx_hal_cryp.o
 .debug_aranges
                0x0000000000000730       0x88 Drivers/STM32G0xx_HAL_Driver/Src/stm32g0xx_hal_flash.o
 .debug_aranges
                0x00000000000007b8       0xd0 Drivers/STM32G0xx_HAL_Driver/Src/stm32g0xx_hal_flash_ex.o
 .debug_aranges
                0x0000000000000888       0x60 Drivers/STM32G0xx_HAL_Driver/Src/stm32g0xx_hal_gpio.o
 .debug_aranges
                0x00000000000008e8       0xf0 Drivers/STM32G0xx_HAL_Driver/Src/stm32g0xx_hal_pwr_ex.o
 .debug_aranges
                0x00000000000009d8       0x98 Drivers/STM32G0xx_HAL_Driver/Src/stm32g0xx_hal_rcc.o
 .debug_aranges
                0x0000000000000a70       0x40 Drivers/STM32G0xx_HAL_Driver/Src/stm32g0xx_hal_rcc_ex.o
 .debug_aranges
                0x0000000000000ab0       0x78 Drivers/STM32G0xx_HAL_Driver/Src/stm32g0xx_hal_rng.o
 .debug_aranges
                0x0000000000000b28      0x1d8 Drivers/STM32G0xx_HAL_Driver/Src/stm32g0xx_hal_spi.o
 .debug_aranges
                0x0000000000000d00      0x3e0 Drivers/STM32G0xx_HAL_Driver/Src/stm32g0xx_hal_tim.o
 .debug_aranges
                0x00000000000010e0      0x198 Drivers/STM32G0xx_HAL_Driver/Src/stm32g0xx_hal_tim_ex.o

.debug_ranges   0x0000000000000000     0x1110
 .debug_ranges  0x0000000000000000       0x88 Core/Src/main.o
 .debug_ranges  0x0000000000000088       0x40 Core/Src/rfm95.o
 .debug_ranges  0x00000000000000c8       0x78 Core/Src/stm32g0xx_hal_msp.o
 .debug_ranges  0x0000000000000140       0x48 Core/Src/stm32g0xx_it.o
 .debug_ranges  0x0000000000000188       0x98 Core/Src/syscalls.o
 .debug_ranges  0x0000000000000220       0x10 Core/Src/sysmem.o
 .debug_ranges  0x0000000000000230       0x18 Core/Src/system_stm32g0xx.o
 .debug_ranges  0x0000000000000248       0x20 Core/Startup/startup_stm32g081rbtx.o
 .debug_ranges  0x0000000000000268      0x110 Drivers/STM32G0xx_HAL_Driver/Src/stm32g0xx_hal.o
 .debug_ranges  0x0000000000000378       0xc8 Drivers/STM32G0xx_HAL_Driver/Src/stm32g0xx_hal_cortex.o
 .debug_ranges  0x0000000000000440       0x50 Drivers/STM32G0xx_HAL_Driver/Src/stm32g0xx_hal_crc.o
 .debug_ranges  0x0000000000000490       0x20 Drivers/STM32G0xx_HAL_Driver/Src/stm32g0xx_hal_crc_ex.o
 .debug_ranges  0x00000000000004b0      0x1b8 Drivers/STM32G0xx_HAL_Driver/Src/stm32g0xx_hal_cryp.o
 .debug_ranges  0x0000000000000668       0x78 Drivers/STM32G0xx_HAL_Driver/Src/stm32g0xx_hal_flash.o
 .debug_ranges  0x00000000000006e0       0xc0 Drivers/STM32G0xx_HAL_Driver/Src/stm32g0xx_hal_flash_ex.o
 .debug_ranges  0x00000000000007a0       0x50 Drivers/STM32G0xx_HAL_Driver/Src/stm32g0xx_hal_gpio.o
 .debug_ranges  0x00000000000007f0       0xe0 Drivers/STM32G0xx_HAL_Driver/Src/stm32g0xx_hal_pwr_ex.o
 .debug_ranges  0x00000000000008d0       0x88 Drivers/STM32G0xx_HAL_Driver/Src/stm32g0xx_hal_rcc.o
 .debug_ranges  0x0000000000000958       0x30 Drivers/STM32G0xx_HAL_Driver/Src/stm32g0xx_hal_rcc_ex.o
 .debug_ranges  0x0000000000000988       0x68 Drivers/STM32G0xx_HAL_Driver/Src/stm32g0xx_hal_rng.o
 .debug_ranges  0x00000000000009f0      0x1c8 Drivers/STM32G0xx_HAL_Driver/Src/stm32g0xx_hal_spi.o
 .debug_ranges  0x0000000000000bb8      0x3d0 Drivers/STM32G0xx_HAL_Driver/Src/stm32g0xx_hal_tim.o
 .debug_ranges  0x0000000000000f88      0x188 Drivers/STM32G0xx_HAL_Driver/Src/stm32g0xx_hal_tim_ex.o

.debug_macro    0x0000000000000000    0x1b7da
 .debug_macro   0x0000000000000000      0x5f0 Core/Src/main.o
 .debug_macro   0x00000000000005f0      0xa48 Core/Src/main.o
 .debug_macro   0x0000000000001038      0x12f Core/Src/main.o
 .debug_macro   0x0000000000001167       0x2e Core/Src/main.o
 .debug_macro   0x0000000000001195       0x28 Core/Src/main.o
 .debug_macro   0x00000000000011bd       0x22 Core/Src/main.o
 .debug_macro   0x00000000000011df       0x8e Core/Src/main.o
 .debug_macro   0x000000000000126d       0x51 Core/Src/main.o
 .debug_macro   0x00000000000012be       0xef Core/Src/main.o
 .debug_macro   0x00000000000013ad       0x6a Core/Src/main.o
 .debug_macro   0x0000000000001417      0x1df Core/Src/main.o
 .debug_macro   0x00000000000015f6       0x1c Core/Src/main.o
 .debug_macro   0x0000000000001612       0x22 Core/Src/main.o
 .debug_macro   0x0000000000001634       0xd7 Core/Src/main.o
 .debug_macro   0x000000000000170b      0x4da Core/Src/main.o
 .debug_macro   0x0000000000001be5      0x11f Core/Src/main.o
 .debug_macro   0x0000000000001d04     0xca47 Core/Src/main.o
 .debug_macro   0x000000000000e74b       0x3c Core/Src/main.o
 .debug_macro   0x000000000000e787     0x34b5 Core/Src/main.o
 .debug_macro   0x0000000000011c3c      0x174 Core/Src/main.o
 .debug_macro   0x0000000000011db0       0x5c Core/Src/main.o
 .debug_macro   0x0000000000011e0c      0x5b9 Core/Src/main.o
 .debug_macro   0x00000000000123c5     0x1129 Core/Src/main.o
 .debug_macro   0x00000000000134ee      0x2cd Core/Src/main.o
 .debug_macro   0x00000000000137bb      0x153 Core/Src/main.o
 .debug_macro   0x000000000001390e      0x1d8 Core/Src/main.o
 .debug_macro   0x0000000000013ae6      0x434 Core/Src/main.o
 .debug_macro   0x0000000000013f1a      0x280 Core/Src/main.o
 .debug_macro   0x000000000001419a      0x3b5 Core/Src/main.o
 .debug_macro   0x000000000001454f      0x1b2 Core/Src/main.o
 .debug_macro   0x0000000000014701       0x43 Core/Src/main.o
 .debug_macro   0x0000000000014744      0x1f1 Core/Src/main.o
 .debug_macro   0x0000000000014935       0xd5 Core/Src/main.o
 .debug_macro   0x0000000000014a0a       0x4c Core/Src/main.o
 .debug_macro   0x0000000000014a56      0x14c Core/Src/main.o
 .debug_macro   0x0000000000014ba2       0x27 Core/Src/main.o
 .debug_macro   0x0000000000014bc9      0x1d7 Core/Src/main.o
 .debug_macro   0x0000000000014da0      0x38a Core/Src/main.o
 .debug_macro   0x000000000001512a       0x28 Core/Src/main.o
 .debug_macro   0x0000000000015152       0xe4 Core/Src/main.o
 .debug_macro   0x0000000000015236      0x125 Core/Src/main.o
 .debug_macro   0x000000000001535b      0x240 Core/Src/main.o
 .debug_macro   0x000000000001559b       0xb9 Core/Src/main.o
 .debug_macro   0x0000000000015654      0x2fe Core/Src/main.o
 .debug_macro   0x0000000000015952      0xaad Core/Src/main.o
 .debug_macro   0x00000000000163ff      0x1a1 Core/Src/main.o
 .debug_macro   0x00000000000165a0      0x500 Core/Src/main.o